release	Set up job	﻿2026-09-28T11:43:33.0419084Z Current runner version: '2.337.0'
release	Set up job	2026-09-28T11:43:33.0454279Z ##[group]Runner Image Provisioner
release	Set up job	2026-09-28T11:43:33.0455662Z Hosted Compute Agent
release	Set up job	2026-09-28T11:43:33.0456656Z Version: 20260828.587
release	Set up job	2026-09-28T11:43:33.0457648Z Commit: abac92662cab4cc7352de4f9f9d2e2419aad9c29
release	Set up job	2026-09-28T11:43:33.0458860Z Build Date: 2026-08-28T16:44:25Z
release	Set up job	2026-09-28T11:43:33.0459948Z Worker ID: {3d79dbe3-b66c-4adb-bde5-1c5d0285ecde}
release	Set up job	2026-09-28T11:43:33.0461009Z Azure Region: centralus
release	Set up job	2026-09-28T11:43:33.0462031Z ##[endgroup]
release	Set up job	2026-09-28T11:43:33.0464267Z ##[group]Operating System
release	Set up job	2026-09-28T11:43:33.0465264Z Ubuntu
release	Set up job	2026-09-28T11:43:33.0466113Z 24.04.5
release	Set up job	2026-09-28T11:43:33.0466881Z LTS
release	Set up job	2026-09-28T11:43:33.0467757Z ##[endgroup]
release	Set up job	2026-09-28T11:43:33.0468619Z ##[group]Runner Image
release	Set up job	2026-09-28T11:43:33.0469950Z Image: ubuntu-24.04
release	Set up job	2026-09-28T11:43:33.0470886Z Version: 20260920.314.1
release	Set up job	2026-09-28T11:43:33.0472702Z Included Software: https://github.com/actions/runner-images/blob/ubuntu24/20260920.314/images/ubuntu/Ubuntu2404-Readme.md
release	Set up job	2026-09-28T11:43:33.0475506Z Image Release: https://github.com/actions/runner-images/releases/tag/ubuntu24%2F20260920.314
release	Set up job	2026-09-28T11:43:33.0477241Z ##[endgroup]
release	Set up job	2026-09-28T11:43:33.0479304Z ##[group]GITHUB_TOKEN Permissions
release	Set up job	2026-09-28T11:43:33.0482435Z Attestations: write
release	Set up job	2026-09-28T11:43:33.0483405Z Contents: write
release	Set up job	2026-09-28T11:43:33.0484255Z Metadata: read
release	Set up job	2026-09-28T11:43:33.0485248Z ##[endgroup]
release	Set up job	2026-09-28T11:43:33.0487910Z Secret source: Actions
release	Set up job	2026-09-28T11:43:33.0489494Z Cache mode: write
release	Set up job	2026-09-28T11:43:33.0490939Z Prepare workflow directory
release	Set up job	2026-09-28T11:43:33.0839472Z Prepare all required actions
release	Set up job	2026-09-28T11:43:33.0894186Z Getting action download info
release	Set up job	2026-09-28T11:43:33.4160056Z Download action repository 'actions/checkout@v5' (SHA:fbc6f3992d24b796d5a048ff273f7fcc4a7b6c09)
release	Set up job	2026-09-28T11:43:33.5029085Z Download action repository 'pnpm/action-setup@v4' (SHA:b906affcce14559ad1aafd4ab0e942779e9f58b1)
release	Set up job	2026-09-28T11:43:34.0171286Z Download action repository 'actions/setup-node@v5' (SHA:a0853c24544627f65ddf259abe73b1d18a591444)
release	Set up job	2026-09-28T11:43:34.1091065Z Download action repository 'actions/attest-build-provenance@v2' (SHA:e8998f949152b193b063cb0ec769d69d929409be)
release	Set up job	2026-09-28T11:43:34.5115677Z Download action repository 'actions/download-artifact@v4' (SHA:d3f86a106a0bac45b974a628896c90dbdf5c8093)
release	Set up job	2026-09-28T11:43:34.9626353Z Download action repository 'softprops/action-gh-release@v2' (SHA:3bb12739c298aeb8a4eeaf626c5b8d85266b0e65)
release	Set up job	2026-09-28T11:43:35.3268404Z Getting action download info
release	Set up job	2026-09-28T11:43:35.4505343Z Download action repository 'actions/attest-build-provenance@1176ef556905f349f669722abf30bce1a6e16e01' (SHA:1176ef556905f349f669722abf30bce1a6e16e01)
release	Set up job	2026-09-28T11:43:35.8011877Z Download action repository 'actions/attest@ce27ba3b4a9a139d9a20a4a07d69fabb52f1e5bc' (SHA:ce27ba3b4a9a139d9a20a4a07d69fabb52f1e5bc)
release	Set up job	2026-09-28T11:43:36.2956905Z Complete job name: release
release	Run actions/checkout@v5	﻿2026-09-28T11:43:36.3751779Z ##[group]Run actions/checkout@v5
release	Run actions/checkout@v5	2026-09-28T11:43:36.3752945Z with:
release	Run actions/checkout@v5	2026-09-28T11:43:36.3753196Z   repository: NAMEWTA/nand
release	Run actions/checkout@v5	2026-09-28T11:43:36.3755536Z   token: ***
release	Run actions/checkout@v5	2026-09-28T11:43:36.3755766Z   ssh-strict: true
release	Run actions/checkout@v5	2026-09-28T11:43:36.3755989Z   ssh-user: git
release	Run actions/checkout@v5	2026-09-28T11:43:36.3756208Z   persist-credentials: true
release	Run actions/checkout@v5	2026-09-28T11:43:36.3756472Z   clean: true
release	Run actions/checkout@v5	2026-09-28T11:43:36.3756703Z   sparse-checkout-cone-mode: true
release	Run actions/checkout@v5	2026-09-28T11:43:36.3756976Z   fetch-depth: 1
release	Run actions/checkout@v5	2026-09-28T11:43:36.3757187Z   fetch-tags: false
release	Run actions/checkout@v5	2026-09-28T11:43:36.3757406Z   show-progress: true
release	Run actions/checkout@v5	2026-09-28T11:43:36.3757623Z   lfs: false
release	Run actions/checkout@v5	2026-09-28T11:43:36.3757832Z   submodules: false
release	Run actions/checkout@v5	2026-09-28T11:43:36.3758045Z   set-safe-directory: true
release	Run actions/checkout@v5	2026-09-28T11:43:36.3758300Z   allow-unsafe-pr-checkout: false
release	Run actions/checkout@v5	2026-09-28T11:43:36.3758781Z ##[endgroup]
release	Run actions/checkout@v5	2026-09-28T11:43:36.4770735Z Syncing repository: NAMEWTA/nand
release	Run actions/checkout@v5	2026-09-28T11:43:36.4772115Z ##[group]Getting Git version info
release	Run actions/checkout@v5	2026-09-28T11:43:36.4772899Z Working directory is '/home/runner/work/nand/nand'
release	Run actions/checkout@v5	2026-09-28T11:43:36.4773556Z [command]/usr/bin/git version
release	Run actions/checkout@v5	2026-09-28T11:43:36.4812476Z git version 2.55.0
release	Run actions/checkout@v5	2026-09-28T11:43:36.4832390Z ##[endgroup]
release	Run actions/checkout@v5	2026-09-28T11:43:36.4848040Z Temporarily overriding HOME='/home/runner/work/_temp/ae3796b8-d086-4987-8de1-5267b4c2c7aa' before making global git config changes
release	Run actions/checkout@v5	2026-09-28T11:43:36.4849421Z Adding repository directory to the temporary git global config as a safe directory
release	Run actions/checkout@v5	2026-09-28T11:43:36.4853408Z [command]/usr/bin/git config --global --add safe.directory /home/runner/work/nand/nand
release	Run actions/checkout@v5	2026-09-28T11:43:36.4905541Z Deleting the contents of '/home/runner/work/nand/nand'
release	Run actions/checkout@v5	2026-09-28T11:43:36.4909355Z ##[group]Initializing the repository
release	Run actions/checkout@v5	2026-09-28T11:43:36.4914341Z [command]/usr/bin/git init /home/runner/work/nand/nand
release	Run actions/checkout@v5	2026-09-28T11:43:36.4991391Z hint: Using 'master' as the name for the initial branch. This default branch name
release	Run actions/checkout@v5	2026-09-28T11:43:36.4992656Z hint: will change to "main" in Git 3.0. To configure the initial branch name
release	Run actions/checkout@v5	2026-09-28T11:43:36.4993335Z hint: to use in all of your new repositories, which will suppress this warning,
release	Run actions/checkout@v5	2026-09-28T11:43:36.4994100Z hint: call:
release	Run actions/checkout@v5	2026-09-28T11:43:36.4994327Z hint:
release	Run actions/checkout@v5	2026-09-28T11:43:36.4994683Z hint: 	git config --global init.defaultBranch <name>
release	Run actions/checkout@v5	2026-09-28T11:43:36.4995021Z hint:
release	Run actions/checkout@v5	2026-09-28T11:43:36.4995410Z hint: Names commonly chosen instead of 'master' are 'main', 'trunk' and
release	Run actions/checkout@v5	2026-09-28T11:43:36.4996013Z hint: 'development'. The just-created branch can be renamed via this command:
release	Run actions/checkout@v5	2026-09-28T11:43:36.4996480Z hint:
release	Run actions/checkout@v5	2026-09-28T11:43:36.4996773Z hint: 	git branch -m <name>
release	Run actions/checkout@v5	2026-09-28T11:43:36.4997016Z hint:
release	Run actions/checkout@v5	2026-09-28T11:43:36.4997434Z hint: Disable this message with "git config set advice.defaultBranchName false"
release	Run actions/checkout@v5	2026-09-28T11:43:36.5002711Z Initialized empty Git repository in /home/runner/work/nand/nand/.git/
release	Run actions/checkout@v5	2026-09-28T11:43:36.5012848Z [command]/usr/bin/git remote add origin https://github.com/NAMEWTA/nand
release	Run actions/checkout@v5	2026-09-28T11:43:36.5057325Z ##[endgroup]
release	Run actions/checkout@v5	2026-09-28T11:43:36.5058068Z ##[group]Disabling automatic garbage collection
release	Run actions/checkout@v5	2026-09-28T11:43:36.5063516Z [command]/usr/bin/git config --local gc.auto 0
release	Run actions/checkout@v5	2026-09-28T11:43:36.5095877Z ##[endgroup]
release	Run actions/checkout@v5	2026-09-28T11:43:36.5096536Z ##[group]Setting up auth
release	Run actions/checkout@v5	2026-09-28T11:43:36.5103944Z [command]/usr/bin/git config --local --name-only --get-regexp core\.sshCommand
release	Run actions/checkout@v5	2026-09-28T11:43:36.5137872Z [command]/usr/bin/git submodule foreach --recursive sh -c "git config --local --name-only --get-regexp 'core\.sshCommand' && git config --local --unset-all 'core.sshCommand' || :"
release	Run actions/checkout@v5	2026-09-28T11:43:36.5487280Z [command]/usr/bin/git config --local --name-only --get-regexp http\.https\:\/\/github\.com\/\.extraheader
release	Run actions/checkout@v5	2026-09-28T11:43:36.5535127Z [command]/usr/bin/git submodule foreach --recursive sh -c "git config --local --name-only --get-regexp 'http\.https\:\/\/github\.com\/\.extraheader' && git config --local --unset-all 'http.https://github.com/.extraheader' || :"
release	Run actions/checkout@v5	2026-09-28T11:43:36.5787882Z [command]/usr/bin/git config --local --name-only --get-regexp ^includeIf\.gitdir:
release	Run actions/checkout@v5	2026-09-28T11:43:36.5826787Z [command]/usr/bin/git submodule foreach --recursive git config --local --show-origin --name-only --get-regexp remote.origin.url
release	Run actions/checkout@v5	2026-09-28T11:43:36.6068766Z [command]/usr/bin/git config --local http.https://github.com/.extraheader AUTHORIZATION: basic ***
release	Run actions/checkout@v5	2026-09-28T11:43:36.6110966Z ##[endgroup]
release	Run actions/checkout@v5	2026-09-28T11:43:36.6111635Z ##[group]Fetching the repository
release	Run actions/checkout@v5	2026-09-28T11:43:36.6120984Z [command]/usr/bin/git -c protocol.version=2 fetch --no-tags --prune --no-recurse-submodules --depth=1 origin +301b74713b0a2f38d5159aaabbe64debcbda9296:refs/tags/0.0.3
release	Run actions/checkout@v5	2026-09-28T11:43:38.0644509Z From https://github.com/NAMEWTA/nand
release	Run actions/checkout@v5	2026-09-28T11:43:38.0645717Z  * [new ref]         301b74713b0a2f38d5159aaabbe64debcbda9296 -> 0.0.3
release	Run actions/checkout@v5	2026-09-28T11:43:38.0649501Z ##[endgroup]
release	Run actions/checkout@v5	2026-09-28T11:43:38.0650095Z ##[group]Determining the checkout info
release	Run actions/checkout@v5	2026-09-28T11:43:38.0652875Z ##[endgroup]
release	Run actions/checkout@v5	2026-09-28T11:43:38.0661207Z [command]/usr/bin/git sparse-checkout disable
release	Run actions/checkout@v5	2026-09-28T11:43:38.0715814Z [command]/usr/bin/git config --local --unset-all extensions.worktreeConfig
release	Run actions/checkout@v5	2026-09-28T11:43:38.0758767Z ##[group]Checking out the ref
release	Run actions/checkout@v5	2026-09-28T11:43:38.0762945Z [command]/usr/bin/git checkout --progress --force refs/tags/0.0.3
release	Run actions/checkout@v5	2026-09-28T11:43:38.3161180Z Note: switching to 'refs/tags/0.0.3'.
release	Run actions/checkout@v5	2026-09-28T11:43:38.3161594Z 
release	Run actions/checkout@v5	2026-09-28T11:43:38.3161931Z You are in 'detached HEAD' state. You can look around, make experimental
release	Run actions/checkout@v5	2026-09-28T11:43:38.3162944Z changes and commit them, and you can discard any commits you make in this
release	Run actions/checkout@v5	2026-09-28T11:43:38.3163719Z state without impacting any branches by switching back to a branch.
release	Run actions/checkout@v5	2026-09-28T11:43:38.3164287Z 
release	Run actions/checkout@v5	2026-09-28T11:43:38.3164646Z If you want to create a new branch to retain commits you create, you may
release	Run actions/checkout@v5	2026-09-28T11:43:38.3165333Z do so (now or later) by using -c with the switch command. Example:
release	Run actions/checkout@v5	2026-09-28T11:43:38.3165724Z 
release	Run actions/checkout@v5	2026-09-28T11:43:38.3165883Z   git switch -c <new-branch-name>
release	Run actions/checkout@v5	2026-09-28T11:43:38.3166163Z 
release	Run actions/checkout@v5	2026-09-28T11:43:38.3166330Z Or undo this operation with:
release	Run actions/checkout@v5	2026-09-28T11:43:38.3166585Z 
release	Run actions/checkout@v5	2026-09-28T11:43:38.3166765Z   git switch -
release	Run actions/checkout@v5	2026-09-28T11:43:38.3166986Z 
release	Run actions/checkout@v5	2026-09-28T11:43:38.3167342Z Turn off this advice by setting config variable advice.detachedHead to false
release	Run actions/checkout@v5	2026-09-28T11:43:38.3167846Z 
release	Run actions/checkout@v5	2026-09-28T11:43:38.3168220Z HEAD is now at 301b747 fix(history): normalize vault index paths across release platforms
release	Run actions/checkout@v5	2026-09-28T11:43:38.3185695Z ##[endgroup]
release	Run actions/checkout@v5	2026-09-28T11:43:38.3230134Z [command]/usr/bin/git log -1 --format=%H
release	Run actions/checkout@v5	2026-09-28T11:43:38.3261745Z 301b74713b0a2f38d5159aaabbe64debcbda9296
release	Run pnpm/action-setup@v4	﻿2026-09-28T11:43:38.3504434Z ##[group]Run pnpm/action-setup@v4
release	Run pnpm/action-setup@v4	2026-09-28T11:43:38.3504757Z with:
release	Run pnpm/action-setup@v4	2026-09-28T11:43:38.3504977Z   dest: ~/setup-pnpm
release	Run pnpm/action-setup@v4	2026-09-28T11:43:38.3505208Z   run_install: null
release	Run pnpm/action-setup@v4	2026-09-28T11:43:38.3505427Z   cache: false
release	Run pnpm/action-setup@v4	2026-09-28T11:43:38.3505658Z   cache_dependency_path: pnpm-lock.yaml
release	Run pnpm/action-setup@v4	2026-09-28T11:43:38.3505951Z   package_json_file: package.json
release	Run pnpm/action-setup@v4	2026-09-28T11:43:38.3506213Z   standalone: false
release	Run pnpm/action-setup@v4	2026-09-28T11:43:38.3506430Z ##[endgroup]
release	Run pnpm/action-setup@v4	2026-09-28T11:43:38.4936246Z ##[group]Running self-installer...
release	Run pnpm/action-setup@v4	2026-09-28T11:43:38.9055365Z (node:2263) [DEP0169] DeprecationWarning: `url.parse()` behavior is not standardized and prone to errors that have security implications. Use the WHATWG URL API instead. CVEs are not issued for `url.parse()` vulnerabilities.
release	Run pnpm/action-setup@v4	2026-09-28T11:43:38.9056504Z (Use `node --trace-deprecation ...` to show where the warning was created)
release	Run pnpm/action-setup@v4	2026-09-28T11:43:39.1443485Z Progress: resolved 1, reused 0, downloaded 0, added 0
release	Run pnpm/action-setup@v4	2026-09-28T11:43:39.1534212Z Packages: +1
release	Run pnpm/action-setup@v4	2026-09-28T11:43:39.1534875Z +
release	Run pnpm/action-setup@v4	2026-09-28T11:43:39.4796559Z Progress: resolved 1, reused 0, downloaded 1, added 1, done
release	Run pnpm/action-setup@v4	2026-09-28T11:43:39.5056292Z 
release	Run pnpm/action-setup@v4	2026-09-28T11:43:39.5056631Z dependencies:
release	Run pnpm/action-setup@v4	2026-09-28T11:43:39.5056959Z + pnpm 11.1.3 (12.6.0 is available)
release	Run pnpm/action-setup@v4	2026-09-28T11:43:39.5057167Z 
release	Run pnpm/action-setup@v4	2026-09-28T11:43:39.5078836Z Done in 811ms
release	Run pnpm/action-setup@v4	2026-09-28T11:43:39.5258723Z ##[endgroup]
release	Run pnpm/action-setup@v4	2026-09-28T11:43:39.5259308Z Installation Completed!
release	Run actions/setup-node@v5	﻿2026-09-28T11:43:39.5447730Z ##[group]Run actions/setup-node@v5
release	Run actions/setup-node@v5	2026-09-28T11:43:39.5448032Z with:
release	Run actions/setup-node@v5	2026-09-28T11:43:39.5448261Z   node-version: 22.x
release	Run actions/setup-node@v5	2026-09-28T11:43:39.5448497Z   cache: pnpm
release	Run actions/setup-node@v5	2026-09-28T11:43:39.5448738Z   always-auth: false
release	Run actions/setup-node@v5	2026-09-28T11:43:39.5448979Z   check-latest: false
release	Run actions/setup-node@v5	2026-09-28T11:43:39.5451272Z   token: ***
release	Run actions/setup-node@v5	2026-09-28T11:43:39.5451531Z   package-manager-cache: true
release	Run actions/setup-node@v5	2026-09-28T11:43:39.5451799Z env:
release	Run actions/setup-node@v5	2026-09-28T11:43:39.5452084Z   PNPM_HOME: /home/runner/setup-pnpm/node_modules/.bin
release	Run actions/setup-node@v5	2026-09-28T11:43:39.5452690Z ##[endgroup]
release	Run actions/setup-node@v5	2026-09-28T11:43:39.6915451Z Found in cache @ /opt/hostedtoolcache/node/22.23.2/x64
release	Run actions/setup-node@v5	2026-09-28T11:43:39.6917927Z (node:2277) [DEP0040] DeprecationWarning: The `punycode` module is deprecated. Please use a userland alternative instead.
release	Run actions/setup-node@v5	2026-09-28T11:43:39.6918635Z (Use `node --trace-deprecation ...` to show where the warning was created)
release	Run actions/setup-node@v5	2026-09-28T11:43:39.6920476Z ##[group]Environment details
release	Run actions/setup-node@v5	2026-09-28T11:43:40.0348805Z node: v22.23.2
release	Run actions/setup-node@v5	2026-09-28T11:43:40.0349149Z npm: 10.9.8
release	Run actions/setup-node@v5	2026-09-28T11:43:40.0349686Z yarn: 1.22.22
release	Run actions/setup-node@v5	2026-09-28T11:43:40.0350977Z ##[endgroup]
release	Run actions/setup-node@v5	2026-09-28T11:43:40.0374015Z [command]/home/runner/setup-pnpm/node_modules/.bin/pnpm store path --silent
release	Run actions/setup-node@v5	2026-09-28T11:43:40.5556290Z /home/runner/setup-pnpm/node_modules/.bin/store/v11
release	Run actions/setup-node@v5	2026-09-28T11:43:40.7207662Z Cache hit for: node-cache-Linux-x64-pnpm-0e3d3d43d14e9584b868ed112645644834d2e9332c0b1c44dc01c648769274fc
release	Run actions/setup-node@v5	2026-09-28T11:43:40.7311218Z (node:2277) [DEP0169] DeprecationWarning: `url.parse()` behavior is not standardized and prone to errors that have security implications. Use the WHATWG URL API instead. CVEs are not issued for `url.parse()` vulnerabilities.
release	Run actions/setup-node@v5	2026-09-28T11:43:41.5734234Z Received 43981056 of 43981056 (100.0%), 59.9 MBs/sec
release	Run actions/setup-node@v5	2026-09-28T11:43:41.5735258Z Cache Size: ~42 MB (43981056 B)
release	Run actions/setup-node@v5	2026-09-28T11:43:41.5767085Z [command]/usr/bin/tar -xf /home/runner/work/_temp/f1a08b43-00cc-453c-8787-e9f30eb3c02d/cache.tzst -P -C /home/runner/work/nand/nand --use-compress-program unzstd
release	Run actions/setup-node@v5	2026-09-28T11:43:42.1902888Z Cache restored successfully
release	Run actions/setup-node@v5	2026-09-28T11:43:42.1933875Z Cache restored from key: node-cache-Linux-x64-pnpm-0e3d3d43d14e9584b868ed112645644834d2e9332c0b1c44dc01c648769274fc
release	Run pnpm install --frozen-lockfile	﻿2026-09-28T11:43:42.2134521Z ##[group]Run pnpm install --frozen-lockfile
release	Run pnpm install --frozen-lockfile	2026-09-28T11:43:42.2134960Z [36;1mpnpm install --frozen-lockfile[0m
release	Run pnpm install --frozen-lockfile	2026-09-28T11:43:42.2373997Z shell: /usr/bin/bash -e {0}
release	Run pnpm install --frozen-lockfile	2026-09-28T11:43:42.2374299Z env:
release	Run pnpm install --frozen-lockfile	2026-09-28T11:43:42.2374579Z   PNPM_HOME: /home/runner/setup-pnpm/node_modules/.bin
release	Run pnpm install --frozen-lockfile	2026-09-28T11:43:42.2374905Z ##[endgroup]
release	Run pnpm install --frozen-lockfile	2026-09-28T11:43:42.7126737Z ? Verifying lockfile against supply-chain policies (361 entries)...
release	Run pnpm install --frozen-lockfile	2026-09-28T11:43:45.3912943Z ✓ Lockfile passes supply-chain policies (361 entries in 2.6s)
release	Run pnpm install --frozen-lockfile	2026-09-28T11:43:45.3945963Z Lockfile is up to date, resolution step is skipped
release	Run pnpm install --frozen-lockfile	2026-09-28T11:43:45.4230494Z Progress: resolved 1, reused 0, downloaded 0, added 0
release	Run pnpm install --frozen-lockfile	2026-09-28T11:43:45.4703548Z Packages: +342
release	Run pnpm install --frozen-lockfile	2026-09-28T11:43:45.4704325Z ++++++++++++++++++++++++++++++++++++++++++++++++++++++++++++++++++++++++++++++++
release	Run pnpm install --frozen-lockfile	2026-09-28T11:43:45.8921731Z Progress: resolved 342, reused 337, downloaded 0, added 342, done
release	Run pnpm install --frozen-lockfile	2026-09-28T11:43:46.0273786Z .../esbuild@0.25.5/node_modules/esbuild postinstall$ node install.js
release	Run pnpm install --frozen-lockfile	2026-09-28T11:43:46.0821693Z .../esbuild@0.25.5/node_modules/esbuild postinstall: Done
release	Run pnpm install --frozen-lockfile	2026-09-28T11:43:46.2473751Z 
release	Run pnpm install --frozen-lockfile	2026-09-28T11:43:46.2474313Z dependencies:
release	Run pnpm install --frozen-lockfile	2026-09-28T11:43:46.2474725Z + @codemirror/language 6.12.4
release	Run pnpm install --frozen-lockfile	2026-09-28T11:43:46.2475081Z + @codemirror/state 6.5.0
release	Run pnpm install --frozen-lockfile	2026-09-28T11:43:46.2475411Z + @codemirror/view 6.38.6
release	Run pnpm install --frozen-lockfile	2026-09-28T11:43:46.2475711Z + @xterm/addon-canvas 0.7.0
release	Run pnpm install --frozen-lockfile	2026-09-28T11:43:46.2476005Z + @xterm/addon-fit 0.11.0
release	Run pnpm install --frozen-lockfile	2026-09-28T11:43:46.2476283Z + @xterm/addon-search 0.16.0
release	Run pnpm install --frozen-lockfile	2026-09-28T11:43:46.2476616Z + @xterm/addon-serialize 0.14.0
release	Run pnpm install --frozen-lockfile	2026-09-28T11:43:46.2476946Z + @xterm/addon-web-links 0.12.0
release	Run pnpm install --frozen-lockfile	2026-09-28T11:43:46.2477239Z + @xterm/addon-webgl 0.19.0
release	Run pnpm install --frozen-lockfile	2026-09-28T11:43:46.2477533Z + @xterm/headless 6.0.0
release	Run pnpm install --frozen-lockfile	2026-09-28T11:43:46.2477805Z + @xterm/xterm 6.0.0
release	Run pnpm install --frozen-lockfile	2026-09-28T11:43:46.2478052Z + chart.js 4.5.1
release	Run pnpm install --frozen-lockfile	2026-09-28T11:43:46.2478329Z + lunar-typescript 1.8.6
release	Run pnpm install --frozen-lockfile	2026-09-28T11:43:46.2478607Z + obsidian 1.13.1
release	Run pnpm install --frozen-lockfile	2026-09-28T11:43:46.2478852Z + preact 10.29.8
release	Run pnpm install --frozen-lockfile	2026-09-28T11:43:46.2479106Z + simple-icons 15.13.0
release	Run pnpm install --frozen-lockfile	2026-09-28T11:43:46.2479451Z + ws 8.20.1
release	Run pnpm install --frozen-lockfile	2026-09-28T11:43:46.2479681Z + yaml 2.9.0
release	Run pnpm install --frozen-lockfile	2026-09-28T11:43:46.2479821Z 
release	Run pnpm install --frozen-lockfile	2026-09-28T11:43:46.2479926Z devDependencies:
release	Run pnpm install --frozen-lockfile	2026-09-28T11:43:46.2480186Z + @eslint/js 9.30.1
release	Run pnpm install --frozen-lockfile	2026-09-28T11:43:46.2480539Z + @types/node 16.18.126
release	Run pnpm install --frozen-lockfile	2026-09-28T11:43:46.2480790Z + esbuild 0.25.5
release	Run pnpm install --frozen-lockfile	2026-09-28T11:43:46.2481022Z + eslint 9.39.1
release	Run pnpm install --frozen-lockfile	2026-09-28T11:43:46.2481328Z + eslint-plugin-obsidianmd 0.4.0
release	Run pnpm install --frozen-lockfile	2026-09-28T11:43:46.2481745Z + globals 14.0.0
release	Run pnpm install --frozen-lockfile	2026-09-28T11:43:46.2482081Z + jiti 2.6.1
release	Run pnpm install --frozen-lockfile	2026-09-28T11:43:46.2482614Z + linkedom 0.18.13
release	Run pnpm install --frozen-lockfile	2026-09-28T11:43:46.2482926Z + prettier 3.9.9
release	Run pnpm install --frozen-lockfile	2026-09-28T11:43:46.2483168Z + tslib 2.4.0
release	Run pnpm install --frozen-lockfile	2026-09-28T11:43:46.2483755Z + typescript 5.8.3
release	Run pnpm install --frozen-lockfile	2026-09-28T11:43:46.2484266Z + typescript-eslint 8.62.1
release	Run pnpm install --frozen-lockfile	2026-09-28T11:43:46.2484603Z 
release	Run pnpm install --frozen-lockfile	2026-09-28T11:43:46.3528253Z Done in 4s using pnpm v11.1.3
release	Verify release versions	﻿2026-09-28T11:43:46.4021468Z ##[group]Run node scripts/verify-release-artifacts.mjs "$RELEASE_TAG"
release	Verify release versions	2026-09-28T11:43:46.4022038Z [36;1mnode scripts/verify-release-artifacts.mjs "$RELEASE_TAG"[0m
release	Verify release versions	2026-09-28T11:43:46.4090882Z shell: /usr/bin/bash -e {0}
release	Verify release versions	2026-09-28T11:43:46.4091170Z env:
release	Verify release versions	2026-09-28T11:43:46.4091441Z   PNPM_HOME: /home/runner/setup-pnpm/node_modules/.bin
release	Verify release versions	2026-09-28T11:43:46.4091796Z   RELEASE_TAG: 0.0.3
release	Verify release versions	2026-09-28T11:43:46.4092024Z ##[endgroup]
release	Verify release versions	2026-09-28T11:43:46.4506225Z Release versions and supplied assets verified
release	Run pnpm run build	﻿2026-09-28T11:43:46.4576581Z ##[group]Run pnpm run build
release	Run pnpm run build	2026-09-28T11:43:46.4576883Z [36;1mpnpm run build[0m
release	Run pnpm run build	2026-09-28T11:43:46.4642481Z shell: /usr/bin/bash -e {0}
release	Run pnpm run build	2026-09-28T11:43:46.4642755Z env:
release	Run pnpm run build	2026-09-28T11:43:46.4643030Z   PNPM_HOME: /home/runner/setup-pnpm/node_modules/.bin
release	Run pnpm run build	2026-09-28T11:43:46.4643360Z ##[endgroup]
release	Run pnpm run build	2026-09-28T11:43:47.2751777Z Already up to date
release	Run pnpm run build	2026-09-28T11:43:47.2761837Z Done in 368ms using pnpm v11.1.3
release	Run pnpm run build	2026-09-28T11:43:47.2963747Z $ tsc -noEmit -skipLibCheck && node esbuild.config.mjs production
release	Package plugin zip	﻿2026-09-28T11:43:58.0616238Z ##[group]Run id=$(node -p "require('./manifest.json').id")
release	Package plugin zip	2026-09-28T11:43:58.0617009Z [36;1mid=$(node -p "require('./manifest.json').id")[0m
release	Package plugin zip	2026-09-28T11:43:58.0617675Z [36;1mversion=$(node -p "require('./manifest.json').version")[0m
release	Package plugin zip	2026-09-28T11:43:58.0618265Z [36;1mrm -rf dist[0m
release	Package plugin zip	2026-09-28T11:43:58.0618637Z [36;1mmkdir -p "dist/$id"[0m
release	Package plugin zip	2026-09-28T11:43:58.0619130Z [36;1mcp main.js manifest.json styles.css "dist/$id/"[0m
release	Package plugin zip	2026-09-28T11:43:58.0619692Z [36;1mzip_name="${id}-${version}.zip"[0m
release	Package plugin zip	2026-09-28T11:43:58.0620201Z [36;1m(cd dist && zip -r "../$zip_name" "$id")[0m
release	Package plugin zip	2026-09-28T11:43:58.0620736Z [36;1mecho "zip=$zip_name" >> "$GITHUB_OUTPUT"[0m
release	Package plugin zip	2026-09-28T11:43:58.0717945Z shell: /usr/bin/bash -e {0}
release	Package plugin zip	2026-09-28T11:43:58.0718392Z env:
release	Package plugin zip	2026-09-28T11:43:58.0718815Z   PNPM_HOME: /home/runner/setup-pnpm/node_modules/.bin
release	Package plugin zip	2026-09-28T11:43:58.0719349Z ##[endgroup]
release	Package plugin zip	2026-09-28T11:43:58.1453638Z   adding: nand/ (stored 0%)
release	Package plugin zip	2026-09-28T11:43:58.1454612Z   adding: nand/manifest.json (deflated 30%)
release	Package plugin zip	2026-09-28T11:43:58.1657021Z   adding: nand/styles.css (deflated 82%)
release	Package plugin zip	2026-09-28T11:43:58.3188573Z   adding: nand/main.js (deflated 72%)
release	Generate build provenance attestation	﻿2026-09-28T11:43:58.3302013Z ##[group]Run actions/attest-build-provenance@v2
release	Generate build provenance attestation	2026-09-28T11:43:58.3302662Z with:
release	Generate build provenance attestation	2026-09-28T11:43:58.3302912Z   subject-path: nand-0.0.3.zip
release	Generate build provenance attestation	2026-09-28T11:43:58.3303218Z   push-to-registry: false
release	Generate build provenance attestation	2026-09-28T11:43:58.3303500Z   show-summary: true
release	Generate build provenance attestation	2026-09-28T11:43:58.3305839Z   github-token: ***
release	Generate build provenance attestation	2026-09-28T11:43:58.3306097Z env:
release	Generate build provenance attestation	2026-09-28T11:43:58.3306381Z   PNPM_HOME: /home/runner/setup-pnpm/node_modules/.bin
release	Generate build provenance attestation	2026-09-28T11:43:58.3306730Z ##[endgroup]
release	Generate build provenance attestation	2026-09-28T11:43:58.3369240Z ##[start-action display=Run actions/attest-build-provenance/predicate@1176ef556905f349f669722abf30bce1a6e16e01;id=__actions_attest-build-provenance.generate-build-provenance-predicate]
release	Generate build provenance attestation	2026-09-28T11:43:58.3402551Z ##[group]Run actions/attest-build-provenance/predicate@1176ef556905f349f669722abf30bce1a6e16e01
release	Generate build provenance attestation	2026-09-28T11:43:58.3403043Z env:
release	Generate build provenance attestation	2026-09-28T11:43:58.3403325Z   PNPM_HOME: /home/runner/setup-pnpm/node_modules/.bin
release	Generate build provenance attestation	2026-09-28T11:43:58.3403673Z ##[endgroup]
release	Generate build provenance attestation	2026-09-28T11:43:58.8437861Z ##[end-action id=__actions_attest-build-provenance.generate-build-provenance-predicate;outcome=success;conclusion=success;duration_ms=506]
release	Generate build provenance attestation	2026-09-28T11:43:58.8441265Z ##[start-action display=Run actions/attest@ce27ba3b4a9a139d9a20a4a07d69fabb52f1e5bc;id=__actions_attest-build-provenance.attest]
release	Generate build provenance attestation	2026-09-28T11:43:58.8479246Z ##[group]Run actions/attest@ce27ba3b4a9a139d9a20a4a07d69fabb52f1e5bc
release	Generate build provenance attestation	2026-09-28T11:43:58.8479880Z with:
release	Generate build provenance attestation	2026-09-28T11:43:58.8480232Z   subject-path: nand-0.0.3.zip
release	Generate build provenance attestation	2026-09-28T11:43:58.8480661Z   predicate-type: https://slsa.dev/provenance/v1
release	Generate build provenance attestation	2026-09-28T11:43:58.8483746Z   predicate: {"buildDefinition":{"buildType":"https://actions.github.io/buildtypes/workflow/v1","externalParameters":{"workflow":{"ref":"refs/tags/0.0.3","repository":"https://github.com/NAMEWTA/nand","path":".github/workflows/release.yml"}},"internalParameters":{"github":{"event_name":"push","repository_id":"1384926004","repository_owner_id":"67400687","runner_environment":"github-hosted"}},"resolvedDependencies":[{"uri":"git+https://github.com/NAMEWTA/nand@refs/tags/0.0.3","digest":{"gitCommit":"301b74713b0a2f38d5159aaabbe64debcbda9296"}}]},"runDetails":{"builder":{"id":"https://github.com/NAMEWTA/nand/.github/workflows/release.yml@refs/tags/0.0.3"},"metadata":{"invocationId":"https://github.com/NAMEWTA/nand/actions/runs/36417073903/attempts/1"}}}
release	Generate build provenance attestation	2026-09-28T11:43:58.8486692Z   push-to-registry: false
release	Generate build provenance attestation	2026-09-28T11:43:58.8487155Z   show-summary: true
release	Generate build provenance attestation	2026-09-28T11:43:58.8489670Z   github-token: ***
release	Generate build provenance attestation	2026-09-28T11:43:58.8490049Z env:
release	Generate build provenance attestation	2026-09-28T11:43:58.8508086Z   PNPM_HOME: /home/runner/setup-pnpm/node_modules/.bin
release	Generate build provenance attestation	2026-09-28T11:43:58.8508458Z ##[endgroup]
release	Generate build provenance attestation	2026-09-28T11:44:00.2572736Z Attestation created for nand-0.0.3.zip@sha256:27a66d28845e9647d14bf4162a0812c59478ca933d7c01fba256eca1a4126fb8
release	Generate build provenance attestation	2026-09-28T11:44:00.2574937Z ##[group][36mAttestation signed using certificate from Public Good Sigstore instance[39m
release	Generate build provenance attestation	2026-09-28T11:44:00.2575782Z -----BEGIN CERTIFICATE-----
release	Generate build provenance attestation	2026-09-28T11:44:00.2576640Z MIIG0TCCBlegAwIBAgIUE7O5EGMirj5bVVdduxUQEGUUpdcwCgYIKoZIzj0EAwMw
release	Generate build provenance attestation	2026-09-28T11:44:00.2577754Z NzEVMBMGA1UEChMMc2lnc3RvcmUuZGV2MR4wHAYDVQQDExVzaWdzdG9yZS1pbnRl
release	Generate build provenance attestation	2026-09-28T11:44:00.2578758Z cm1lZGlhdGUwHhcNMjYwOTI4MTE0MzU5WhcNMjYwOTI4MTE1MzU5WjAAMFkwEwYH
release	Generate build provenance attestation	2026-09-28T11:44:00.2579787Z KoZIzj0CAQYIKoZIzj0DAQcDQgAER62mJaqXYLIBfA5vd49+vlvT4Q9M6J5YFSmM
release	Generate build provenance attestation	2026-09-28T11:44:00.2580739Z yXqfgIS3r2oPsx5fHO/drrY60dXi4ycfGYWoVf+mL1EYr35CsaOCBXYwggVyMA4G
release	Generate build provenance attestation	2026-09-28T11:44:00.2581711Z A1UdDwEB/wQEAwIHgDATBgNVHSUEDDAKBggrBgEFBQcDAzAdBgNVHQ4EFgQUovaO
release	Generate build provenance attestation	2026-09-28T11:44:00.2582854Z NyIJ1lN1z7u5JuKcTjhc+xYwHwYDVR0jBBgwFoAU39Ppz1YkEZb5qNjpKFWixi4Y
release	Generate build provenance attestation	2026-09-28T11:44:00.2583794Z ZD8wWwYDVR0RAQH/BFEwT4ZNaHR0cHM6Ly9naXRodWIuY29tL05BTUVXVEEvbmFu
release	Generate build provenance attestation	2026-09-28T11:44:00.2584729Z ZC8uZ2l0aHViL3dvcmtmbG93cy9yZWxlYXNlLnltbEByZWZzL3RhZ3MvMC4wLjMw
release	Generate build provenance attestation	2026-09-28T11:44:00.2585690Z OQYKKwYBBAGDvzABAQQraHR0cHM6Ly90b2tlbi5hY3Rpb25zLmdpdGh1YnVzZXJj
release	Generate build provenance attestation	2026-09-28T11:44:00.2586689Z b250ZW50LmNvbTASBgorBgEEAYO/MAECBARwdXNoMDYGCisGAQQBg78wAQMEKDMw
release	Generate build provenance attestation	2026-09-28T11:44:00.2587639Z MWI3NDcxM2IwYTJmMzhkNTE1OWFhYWJiZTY0ZGViY2JkYTkyOTYwFQYKKwYBBAGD
release	Generate build provenance attestation	2026-09-28T11:44:00.2588941Z vzABBAQHUmVsZWFzZTAaBgorBgEEAYO/MAEFBAxOQU1FV1RBL25hbmQwHQYKKwYB
release	Generate build provenance attestation	2026-09-28T11:44:00.2589898Z BAGDvzABBgQPcmVmcy90YWdzLzAuMC4zMDsGCisGAQQBg78wAQgELQwraHR0cHM6
release	Generate build provenance attestation	2026-09-28T11:44:00.2590868Z Ly90b2tlbi5hY3Rpb25zLmdpdGh1YnVzZXJjb250ZW50LmNvbTBdBgorBgEEAYO/
release	Generate build provenance attestation	2026-09-28T11:44:00.2591823Z MAEJBE8MTWh0dHBzOi8vZ2l0aHViLmNvbS9OQU1FV1RBL25hbmQvLmdpdGh1Yi93
release	Generate build provenance attestation	2026-09-28T11:44:00.2604136Z b3JrZmxvd3MvcmVsZWFzZS55bWxAcmVmcy90YWdzLzAuMC4zMDgGCisGAQQBg78w
release	Generate build provenance attestation	2026-09-28T11:44:00.2605218Z AQoEKgwoMzAxYjc0NzEzYjBhMmYzOGQ1MTU5YWFhYmJlNjRkZWJjYmRhOTI5NjAd
release	Generate build provenance attestation	2026-09-28T11:44:00.2606355Z BgorBgEEAYO/MAELBA8MDWdpdGh1Yi1ob3N0ZWQwLwYKKwYBBAGDvzABDAQhDB9o
release	Generate build provenance attestation	2026-09-28T11:44:00.2607334Z dHRwczovL2dpdGh1Yi5jb20vTkFNRVdUQS9uYW5kMDgGCisGAQQBg78wAQ0EKgwo
release	Generate build provenance attestation	2026-09-28T11:44:00.2608328Z MzAxYjc0NzEzYjBhMmYzOGQ1MTU5YWFhYmJlNjRkZWJjYmRhOTI5NjAfBgorBgEE
release	Generate build provenance attestation	2026-09-28T11:44:00.2609342Z AYO/MAEOBBEMD3JlZnMvdGFncy8wLjAuMzAaBgorBgEEAYO/MAEPBAwMCjEzODQ5
release	Generate build provenance attestation	2026-09-28T11:44:00.2610324Z MjYwMDQwKgYKKwYBBAGDvzABEAQcDBpodHRwczovL2dpdGh1Yi5jb20vTkFNRVdU
release	Generate build provenance attestation	2026-09-28T11:44:00.2611282Z QTAYBgorBgEEAYO/MAERBAoMCDY3NDAwNjg3MF0GCisGAQQBg78wARIETwxNaHR0
release	Generate build provenance attestation	2026-09-28T11:44:00.2612458Z cHM6Ly9naXRodWIuY29tL05BTUVXVEEvbmFuZC8uZ2l0aHViL3dvcmtmbG93cy9y
release	Generate build provenance attestation	2026-09-28T11:44:00.2613446Z ZWxlYXNlLnltbEByZWZzL3RhZ3MvMC4wLjMwOAYKKwYBBAGDvzABEwQqDCgzMDFi
release	Generate build provenance attestation	2026-09-28T11:44:00.2614440Z NzQ3MTNiMGEyZjM4ZDUxNTlhYWFiYmU2NGRlYmNiZGE5Mjk2MBQGCisGAQQBg78w
release	Generate build provenance attestation	2026-09-28T11:44:00.2615429Z ARQEBgwEcHVzaDBTBgorBgEEAYO/MAEVBEUMQ2h0dHBzOi8vZ2l0aHViLmNvbS9O
release	Generate build provenance attestation	2026-09-28T11:44:00.2616432Z QU1FV1RBL25hbmQvYWN0aW9ucy9ydW5zLzM2NDE3MDczOTAzL2F0dGVtcHRzLzEw
release	Generate build provenance attestation	2026-09-28T11:44:00.2617509Z FgYKKwYBBAGDvzABFgQIDAZwdWJsaWMwSQYKKwYBBAGDvzABGAQ7DDlyZXBvOk5B
release	Generate build provenance attestation	2026-09-28T11:44:00.2618610Z TUVXVEFANjc0MDA2ODcvbmFuZEAxMzg0OTI2MDA0OnJlZjpyZWZzL3RhZ3MvMC4w
release	Generate build provenance attestation	2026-09-28T11:44:00.2619691Z LjMwgYoGCisGAQQB1nkCBAIEfAR6AHgAdgDdPTBqxscRMmMZHhyZZzcCokpeuN48
release	Generate build provenance attestation	2026-09-28T11:44:00.2620763Z rf+HinKALynujgAAAaDn1DVjAAAEAwBHMEUCIBZEmvX9ROF7zWPVL+82tAgXVddN
release	Generate build provenance attestation	2026-09-28T11:44:00.2622116Z JhOcH7+GPjx3YOiVAiEAwkickpLV+bAzRIexU72mJGE+zEM6FK1MzmhlVTbY3yQw
release	Generate build provenance attestation	2026-09-28T11:44:00.2623389Z CgYIKoZIzj0EAwMDaAAwZQIwN6lhw+saN3dL8k6bGI8DlROT7tATxvwUwAZ3KXdi
release	Generate build provenance attestation	2026-09-28T11:44:00.2624460Z tnM5qpm3Rld3U2hx7IMwF5lFAjEA7gxZsj9OTYMcTwoqYp+juKh7Jh6DwA224r0H
release	Generate build provenance attestation	2026-09-28T11:44:00.2625243Z aysPEhTHrI8tm2lQjIejYezyOhhD
release	Generate build provenance attestation	2026-09-28T11:44:00.2625759Z -----END CERTIFICATE-----
release	Generate build provenance attestation	2026-09-28T11:44:00.2626044Z 
release	Generate build provenance attestation	2026-09-28T11:44:00.2626552Z ##[endgroup]
release	Generate build provenance attestation	2026-09-28T11:44:00.2627413Z [36mAttestation signature uploaded to Rekor transparency log[39m
release	Generate build provenance attestation	2026-09-28T11:44:00.2628291Z https://search.sigstore.dev?logIndex=2982025046
release	Generate build provenance attestation	2026-09-28T11:44:00.2629034Z [36mAttestation uploaded to repository[39m
release	Generate build provenance attestation	2026-09-28T11:44:00.2629741Z https://github.com/NAMEWTA/nand/attestations/50752888
release	Generate build provenance attestation	2026-09-28T11:44:00.2929693Z ##[end-action id=__actions_attest-build-provenance.attest;outcome=success;conclusion=success;duration_ms=1448]
release	Run actions/download-artifact@v4	﻿2026-09-28T11:44:00.3003185Z ##[group]Run actions/download-artifact@v4
release	Run actions/download-artifact@v4	2026-09-28T11:44:00.3003517Z with:
release	Run actions/download-artifact@v4	2026-09-28T11:44:00.3003734Z   pattern: terminal-*
release	Run actions/download-artifact@v4	2026-09-28T11:44:00.3003977Z   merge-multiple: true
release	Run actions/download-artifact@v4	2026-09-28T11:44:00.3004615Z   path: terminal-artifacts
release	Run actions/download-artifact@v4	2026-09-28T11:44:00.3004888Z   repository: NAMEWTA/nand
release	Run actions/download-artifact@v4	2026-09-28T11:44:00.3005122Z   run-id: 36417073903
release	Run actions/download-artifact@v4	2026-09-28T11:44:00.3005333Z env:
release	Run actions/download-artifact@v4	2026-09-28T11:44:00.3005590Z   PNPM_HOME: /home/runner/setup-pnpm/node_modules/.bin
release	Run actions/download-artifact@v4	2026-09-28T11:44:00.3005929Z ##[endgroup]
release	Run actions/download-artifact@v4	2026-09-28T11:44:00.4646072Z (node:2478) [DEP0040] DeprecationWarning: The `punycode` module is deprecated. Please use a userland alternative instead.
release	Run actions/download-artifact@v4	2026-09-28T11:44:00.4647073Z (Use `node --trace-deprecation ...` to show where the warning was created)
release	Run actions/download-artifact@v4	2026-09-28T11:44:00.6154966Z Found 5 artifact(s)
release	Run actions/download-artifact@v4	2026-09-28T11:44:00.6156429Z Filtering artifacts by pattern 'terminal-*'
release	Run actions/download-artifact@v4	2026-09-28T11:44:00.6175215Z Preparing to download the following artifacts:
release	Run actions/download-artifact@v4	2026-09-28T11:44:00.6176445Z - terminal-linux-arm64 (ID: 10967982750, Size: 1587771, Expected Digest: sha256:183cc504b3d91958c05c54e7a9540cc4d54a572cc6269e26d5fa54504d8fb060)
release	Run actions/download-artifact@v4	2026-09-28T11:44:00.6178333Z - terminal-win32-x64 (ID: 10967596903, Size: 1415526, Expected Digest: sha256:a2722c876a44542c64fe92ce45e2ac847b0e9d15bc0dc8480ad4c905698db11e)
release	Run actions/download-artifact@v4	2026-09-28T11:44:00.6180226Z - terminal-darwin-x64 (ID: 10967453103, Size: 1523438, Expected Digest: sha256:f82acf05bd8981cdd86be5afb3948dcf6762120ced856ac89fc567a426fcbc3b)
release	Run actions/download-artifact@v4	2026-09-28T11:44:00.6181996Z - terminal-linux-x64 (ID: 10967421797, Size: 1606210, Expected Digest: sha256:1d37ff2cee8b14db751a175dfe27cf3cb8218011aa9aba2648ec463b7c1f8575)
release	Run actions/download-artifact@v4	2026-09-28T11:44:00.6183785Z - terminal-darwin-arm64 (ID: 10967417703, Size: 1436915, Expected Digest: sha256:f24af65f2833a46ab494d0cf22b97563447b048096d39f47943a10d222e0b043)
release	Run actions/download-artifact@v4	2026-09-28T11:44:00.7777911Z Redirecting to blob download url: https://productionresultssa19.blob.core.windows.net/actions-results/54a4f42d-c2d8-49ac-834d-830348254553/workflow-job-run-4dac35ad-ee1b-5718-863b-d3edbb11a4ea/artifacts/d8cf7afacc05ed5d41d9e744f2c392e4ec4deacb196b2786672354a866c1bd4d.zip
release	Run actions/download-artifact@v4	2026-09-28T11:44:00.7779404Z Starting download of artifact to: /home/runner/work/nand/nand/terminal-artifacts
release	Run actions/download-artifact@v4	2026-09-28T11:44:00.8393475Z Redirecting to blob download url: https://productionresultssa19.blob.core.windows.net/actions-results/54a4f42d-c2d8-49ac-834d-830348254553/workflow-job-run-5c5c8729-5a78-507b-9ba7-13dd046e1cb5/artifacts/337d4aa1d037d8e9b7de84f03c00ba7dfc4c62863780a7f61753abdd4b755d26.zip
release	Run actions/download-artifact@v4	2026-09-28T11:44:00.8395815Z Starting download of artifact to: /home/runner/work/nand/nand/terminal-artifacts
release	Run actions/download-artifact@v4	2026-09-28T11:44:00.8469777Z Redirecting to blob download url: https://productionresultssa19.blob.core.windows.net/actions-results/54a4f42d-c2d8-49ac-834d-830348254553/workflow-job-run-e0c9087a-b22e-516a-b5ac-a5464a960d58/artifacts/57afdc4e23df56c82d21fb292c8c9efefbe87da86356453533758b318fc1425c.zip
release	Run actions/download-artifact@v4	2026-09-28T11:44:00.8472458Z Starting download of artifact to: /home/runner/work/nand/nand/terminal-artifacts
release	Run actions/download-artifact@v4	2026-09-28T11:44:00.8786385Z Redirecting to blob download url: https://productionresultssa19.blob.core.windows.net/actions-results/54a4f42d-c2d8-49ac-834d-830348254553/workflow-job-run-a096e9f3-98f5-56ab-bdf2-a33adb146e74/artifacts/c526d6b15925b3310054b98e2495991aa14e0e80972852fc12f2fd76b01fefe5.zip
release	Run actions/download-artifact@v4	2026-09-28T11:44:00.8789328Z Starting download of artifact to: /home/runner/work/nand/nand/terminal-artifacts
release	Run actions/download-artifact@v4	2026-09-28T11:44:00.8921989Z Redirecting to blob download url: https://productionresultssa19.blob.core.windows.net/actions-results/54a4f42d-c2d8-49ac-834d-830348254553/workflow-job-run-201281ef-5b29-5860-afbe-46da3561e4a5/artifacts/73d7f9d74066dec40521a6dd0233a9e78946074b222586c878aba8cb00624b16.zip
release	Run actions/download-artifact@v4	2026-09-28T11:44:00.8924749Z Starting download of artifact to: /home/runner/work/nand/nand/terminal-artifacts
release	Run actions/download-artifact@v4	2026-09-28T11:44:00.9794805Z (node:2478) [DEP0005] DeprecationWarning: Buffer() is deprecated due to security and usability issues. Please use the Buffer.alloc(), Buffer.allocUnsafe(), or Buffer.from() methods instead.
release	Run actions/download-artifact@v4	2026-09-28T11:44:01.2420968Z SHA256 digest of downloaded artifact is 183cc504b3d91958c05c54e7a9540cc4d54a572cc6269e26d5fa54504d8fb060
release	Run actions/download-artifact@v4	2026-09-28T11:44:01.2422077Z Artifact download completed successfully.
release	Run actions/download-artifact@v4	2026-09-28T11:44:01.2829992Z SHA256 digest of downloaded artifact is a2722c876a44542c64fe92ce45e2ac847b0e9d15bc0dc8480ad4c905698db11e
release	Run actions/download-artifact@v4	2026-09-28T11:44:01.2830722Z Artifact download completed successfully.
release	Run actions/download-artifact@v4	2026-09-28T11:44:01.3658086Z SHA256 digest of downloaded artifact is f24af65f2833a46ab494d0cf22b97563447b048096d39f47943a10d222e0b043
release	Run actions/download-artifact@v4	2026-09-28T11:44:01.3658814Z Artifact download completed successfully.
release	Run actions/download-artifact@v4	2026-09-28T11:44:01.3859800Z SHA256 digest of downloaded artifact is 1d37ff2cee8b14db751a175dfe27cf3cb8218011aa9aba2648ec463b7c1f8575
release	Run actions/download-artifact@v4	2026-09-28T11:44:01.3860534Z Artifact download completed successfully.
release	Run actions/download-artifact@v4	2026-09-28T11:44:01.4416942Z SHA256 digest of downloaded artifact is f82acf05bd8981cdd86be5afb3948dcf6762120ced856ac89fc567a426fcbc3b
release	Run actions/download-artifact@v4	2026-09-28T11:44:01.4417658Z Artifact download completed successfully.
release	Run actions/download-artifact@v4	2026-09-28T11:44:01.4418127Z Total of 5 artifact(s) downloaded
release	Run actions/download-artifact@v4	2026-09-28T11:44:01.4422549Z Download artifact has finished successfully
release	Verify all terminal assets and checksums	﻿2026-09-28T11:44:01.4568930Z ##[group]Run node scripts/verify-release-artifacts.mjs "$RELEASE_TAG" terminal-artifacts
release	Verify all terminal assets and checksums	2026-09-28T11:44:01.4569627Z [36;1mnode scripts/verify-release-artifacts.mjs "$RELEASE_TAG" terminal-artifacts[0m
release	Verify all terminal assets and checksums	2026-09-28T11:44:01.4638601Z shell: /usr/bin/bash -e {0}
release	Verify all terminal assets and checksums	2026-09-28T11:44:01.4638912Z env:
release	Verify all terminal assets and checksums	2026-09-28T11:44:01.4639223Z   PNPM_HOME: /home/runner/setup-pnpm/node_modules/.bin
release	Verify all terminal assets and checksums	2026-09-28T11:44:01.4639602Z   RELEASE_TAG: 0.0.3
release	Verify all terminal assets and checksums	2026-09-28T11:44:01.4639865Z ##[endgroup]
release	Verify all terminal assets and checksums	2026-09-28T11:44:01.5281303Z Release versions and supplied assets verified
release	Exercise packaged Linux service	﻿2026-09-28T11:44:01.5378431Z ##[group]Run chmod +x terminal-artifacts/rust-terminal-servers-linux-x64
release	Exercise packaged Linux service	2026-09-28T11:44:01.5379422Z [36;1mchmod +x terminal-artifacts/rust-terminal-servers-linux-x64[0m
release	Exercise packaged Linux service	2026-09-28T11:44:01.5380492Z [36;1mnode scripts/verify-pty-automation.mjs terminal-artifacts/rust-terminal-servers-linux-x64[0m
release	Exercise packaged Linux service	2026-09-28T11:44:01.5459981Z shell: /usr/bin/bash -e {0}
release	Exercise packaged Linux service	2026-09-28T11:44:01.5460320Z env:
release	Exercise packaged Linux service	2026-09-28T11:44:01.5460632Z   PNPM_HOME: /home/runner/setup-pnpm/node_modules/.bin
release	Exercise packaged Linux service	2026-09-28T11:44:01.5461011Z ##[endgroup]
release	Exercise packaged Linux service	2026-09-28T11:44:02.5568720Z PTY/history integration passed: output, exit ordering and codes, process-tree cancellation, concurrent history scan, query, full transcript read, native source integrity, unknown usage and cancellation
release	Create GitHub release	﻿2026-09-28T11:44:02.5924548Z ##[group]Run softprops/action-gh-release@v2
release	Create GitHub release	2026-09-28T11:44:02.5924929Z with:
release	Create GitHub release	2026-09-28T11:44:02.5925224Z   files: nand-0.0.3.zip
release	Create GitHub release	terminal-artifacts/*
release	Create GitHub release	
release	Create GitHub release	2026-09-28T11:44:02.5925601Z   generate_release_notes: true
release	Create GitHub release	2026-09-28T11:44:02.5925918Z   overwrite_files: true
release	Create GitHub release	2026-09-28T11:44:02.5928230Z   token: ***
release	Create GitHub release	2026-09-28T11:44:02.5928494Z env:
release	Create GitHub release	2026-09-28T11:44:02.5928811Z   PNPM_HOME: /home/runner/setup-pnpm/node_modules/.bin
release	Create GitHub release	2026-09-28T11:44:02.5929204Z ##[endgroup]
release	Create GitHub release	2026-09-28T11:44:03.0012679Z 👩‍🏭 Creating new GitHub release for tag 0.0.3...
release	Create GitHub release	2026-09-28T11:44:04.3916951Z Release 398196033 is not yet discoverable by tag 0.0.3, retrying... (2 retries remaining)
release	Create GitHub release	2026-09-28T11:44:05.8568024Z ⬆️ Uploading nand-0.0.3.zip...
release	Create GitHub release	2026-09-28T11:44:05.8570476Z ⬆️ Uploading rust-terminal-servers-win32-x64.exe.sha256...
release	Create GitHub release	2026-09-28T11:44:05.8571474Z ⬆️ Uploading rust-terminal-servers-win32-x64.exe...
release	Create GitHub release	2026-09-28T11:44:05.8572630Z ⬆️ Uploading rust-terminal-servers-linux-x64.sha256...
release	Create GitHub release	2026-09-28T11:44:05.8573528Z ⬆️ Uploading rust-terminal-servers-linux-x64...
release	Create GitHub release	2026-09-28T11:44:05.8574562Z ⬆️ Uploading rust-terminal-servers-linux-arm64.sha256...
release	Create GitHub release	2026-09-28T11:44:05.8575472Z ⬆️ Uploading rust-terminal-servers-linux-arm64...
release	Create GitHub release	2026-09-28T11:44:05.8576397Z ⬆️ Uploading rust-terminal-servers-darwin-x64.sha256...
release	Create GitHub release	2026-09-28T11:44:05.8576963Z ⬆️ Uploading rust-terminal-servers-darwin-x64...
release	Create GitHub release	2026-09-28T11:44:05.8577562Z ⬆️ Uploading rust-terminal-servers-darwin-arm64.sha256...
release	Create GitHub release	2026-09-28T11:44:05.8578119Z ⬆️ Uploading rust-terminal-servers-darwin-arm64...
release	Create GitHub release	2026-09-28T11:44:06.4530185Z ✅ Uploaded rust-terminal-servers-darwin-arm64.sha256
release	Create GitHub release	2026-09-28T11:44:06.4792896Z ✅ Uploaded rust-terminal-servers-linux-x64.sha256
release	Create GitHub release	2026-09-28T11:44:06.4843000Z ✅ Uploaded rust-terminal-servers-win32-x64.exe.sha256
release	Create GitHub release	2026-09-28T11:44:06.5421822Z ✅ Uploaded rust-terminal-servers-linux-arm64.sha256
release	Create GitHub release	2026-09-28T11:44:06.5665488Z ✅ Uploaded rust-terminal-servers-darwin-x64.sha256
release	Create GitHub release	2026-09-28T11:44:06.6378622Z ✅ Uploaded nand-0.0.3.zip
release	Create GitHub release	2026-09-28T11:44:06.7157653Z ✅ Uploaded rust-terminal-servers-linux-x64
release	Create GitHub release	2026-09-28T11:44:06.7259248Z ✅ Uploaded rust-terminal-servers-win32-x64.exe
release	Create GitHub release	2026-09-28T11:44:06.7613036Z ✅ Uploaded rust-terminal-servers-linux-arm64
release	Create GitHub release	2026-09-28T11:44:06.7938255Z ✅ Uploaded rust-terminal-servers-darwin-arm64
release	Create GitHub release	2026-09-28T11:44:06.8070829Z ✅ Uploaded rust-terminal-servers-darwin-x64
release	Create GitHub release	2026-09-28T11:44:06.8071521Z Finalizing release...
release	Create GitHub release	2026-09-28T11:44:07.5256678Z Getting assets list...
release	Create GitHub release	2026-09-28T11:44:07.6827420Z 🎉 Release ready at https://github.com/NAMEWTA/nand/releases/tag/0.0.3
release	Post Run actions/setup-node@v5	﻿2026-09-28T11:44:07.7017971Z Post job cleanup.
release	Post Run actions/setup-node@v5	2026-09-28T11:44:07.8308629Z (node:2536) [DEP0040] DeprecationWarning: The `punycode` module is deprecated. Please use a userland alternative instead.
release	Post Run actions/setup-node@v5	2026-09-28T11:44:07.8309564Z (Use `node --trace-deprecation ...` to show where the warning was created)
release	Post Run actions/setup-node@v5	2026-09-28T11:44:07.8312080Z Cache hit occurred on the primary key node-cache-Linux-x64-pnpm-0e3d3d43d14e9584b868ed112645644834d2e9332c0b1c44dc01c648769274fc, not saving cache.
release	Post Run pnpm/action-setup@v4	﻿2026-09-28T11:44:07.8415690Z Post job cleanup.
release	Post Run pnpm/action-setup@v4	2026-09-28T11:44:07.9830647Z Pruning is unnecessary.
release	Post Run actions/checkout@v5	﻿2026-09-28T11:44:08.0017716Z Post job cleanup.
release	Post Run actions/checkout@v5	2026-09-28T11:44:08.0905948Z [command]/usr/bin/git version
release	Post Run actions/checkout@v5	2026-09-28T11:44:08.0952363Z git version 2.55.0
release	Post Run actions/checkout@v5	2026-09-28T11:44:08.0993690Z Temporarily overriding HOME='/home/runner/work/_temp/8a207ee3-49fb-46ad-84e2-49bc8fc58326' before making global git config changes
release	Post Run actions/checkout@v5	2026-09-28T11:44:08.0995459Z Adding repository directory to the temporary git global config as a safe directory
release	Post Run actions/checkout@v5	2026-09-28T11:44:08.1000218Z [command]/usr/bin/git config --global --add safe.directory /home/runner/work/nand/nand
release	Post Run actions/checkout@v5	2026-09-28T11:44:08.1049660Z [command]/usr/bin/git config --local --name-only --get-regexp core\.sshCommand
release	Post Run actions/checkout@v5	2026-09-28T11:44:08.1098968Z [command]/usr/bin/git submodule foreach --recursive sh -c "git config --local --name-only --get-regexp 'core\.sshCommand' && git config --local --unset-all 'core.sshCommand' || :"
release	Post Run actions/checkout@v5	2026-09-28T11:44:08.1418732Z [command]/usr/bin/git config --local --name-only --get-regexp http\.https\:\/\/github\.com\/\.extraheader
release	Post Run actions/checkout@v5	2026-09-28T11:44:08.1455335Z http.https://github.com/.extraheader
release	Post Run actions/checkout@v5	2026-09-28T11:44:08.1469592Z [command]/usr/bin/git config --local --unset-all http.https://github.com/.extraheader
release	Post Run actions/checkout@v5	2026-09-28T11:44:08.1525504Z [command]/usr/bin/git submodule foreach --recursive sh -c "git config --local --name-only --get-regexp 'http\.https\:\/\/github\.com\/\.extraheader' && git config --local --unset-all 'http.https://github.com/.extraheader' || :"
release	Post Run actions/checkout@v5	2026-09-28T11:44:08.1812853Z [command]/usr/bin/git config --local --name-only --get-regexp ^includeIf\.gitdir:
release	Post Run actions/checkout@v5	2026-09-28T11:44:08.1856283Z [command]/usr/bin/git submodule foreach --recursive git config --local --show-origin --name-only --get-regexp remote.origin.url
release	Complete job	﻿2026-09-28T11:44:08.2267505Z Cleaning up orphan processes
release	Complete job	2026-09-28T11:44:08.2581373Z ##[warning]Node.js 20 is deprecated. The following actions target Node.js 20 but are being forced to run on Node.js 24: actions/attest-build-provenance/predicate@1176ef556905f349f669722abf30bce1a6e16e01, actions/attest@ce27ba3b4a9a139d9a20a4a07d69fabb52f1e5bc, actions/download-artifact@v4, pnpm/action-setup@v4, softprops/action-gh-release@v2. For more information see: https://github.blog/changelog/2025-09-19-deprecation-of-node-20-on-github-actions-runners/
