Already up to date
Done in 375ms using pnpm v11.1.3
$ esbuild scripts/verify-contacts.ts --bundle --platform=node --format=cjs --outfile=scripts/tmp/verify-contacts.cjs --alias:obsidian=./scripts/obsidian-stub.ts --loader:.md=text --log-level=warning && node --test scripts/tmp/verify-contacts.cjs
✔ portable Markdown round trip preserves strings, Unicode, links, table escapes and free prose (17.215987ms)
✔ field-level merge preserves unrelated external edits, unknown properties and untouched body bytes (6.813473ms)
✔ same-field and same-section conflicts retain the external contents (6.25056ms)
✔ malformed YAML, duplicate identity and table boundaries never silently truncate a note (3.924628ms)
✔ manual rows resolve as ordinary Markdown and receive persistent row IDs on save (3.001498ms)
✔ dates allow month precision and unknown former employment without treating it as current (1.116961ms)
✔ employment index deduplicates people, supports concurrent jobs and preserves former jobs (4.036372ms)
✔ direct relationships have computed inverses, no duplicate writes and no inferred friendships (2.871046ms)
✔ renames preserve identity; duplicate IDs and conflicting visible links block mutation (3.653264ms)
✔ filters are OR within a dimension and AND across dimensions; 5,000 records paginate from the index (107.029975ms)
✔ folder preferences reject hidden/external/traversal paths and retain defaults (0.54183ms)
✔ write queue recovers after failures and keeps saves to the same identity ordered (0.410795ms)
✔ vault integration: duplicate names, real files, disk failure, external edits, deletion and rebuilding (13.911739ms)
✔ folder switching rejects stale forms and preserves old files (2.318155ms)
✔ two windows merge independent fields but reject overlapping edits (12.433606ms)
✔ unsaved edits in the native Markdown editor prevent panel writes (1.819346ms)
✔ an unreadable file does not hide other records during a rebuild (3.25123ms)
✔ a relationship entered from the opposite profile cannot duplicate its computed inverse (0.323539ms)
✔ renaming updates the generated heading without overwriting a customized heading (1.917944ms)
✔ new notes localize headings and tables while language changes preserve parsing (1.551848ms)
✖ format guide uses creation-time language and preserves existing documents and record identity (1.982684ms)
ℹ tests 21
ℹ suites 0
ℹ pass 20
ℹ fail 1
ℹ cancelled 0
ℹ skipped 0
ℹ todo 0
ℹ duration_ms 280.826466

✖ failing tests:

test at scripts/tmp/verify-contacts.cjs:18267:27
✖ format guide uses creation-time language and preserves existing documents and record identity (1.982684ms)
  AssertionError [ERR_ASSERTION]: An English first creation needs the complete English guide
      at TestContext.<anonymous> (/srv/nand/scripts/tmp/verify-contacts.cjs:18275:27)
      at async Test.run (node:internal/test_runner/test:1409:7)
      at async Test.processPendingSubtests (node:internal/test_runner/test:974:7) {
    generatedMessage: false,
    code: 'ERR_ASSERTION',
    actual: false,
    expected: true,
    operator: '==',
    diff: 'simple'
  }
[ELIFECYCLE] Command failed with exit code 1.
