{
  "warnings": [],
  "page": {
    "rows": [
      {
        "accountKey": "{\"GROK_HOME\":\"/tmp/nand-obsidian-e2e/native-grok\"}",
        "agentId": "grok",
        "cwd": "/tmp/nand-obsidian-e2e/vault",
        "key": "[\"grok\",\"{\\\"GROK_HOME\\\":\\\"/tmp/nand-obsidian-e2e/native-grok\\\"}\",\"../export:fixture?*\"]",
        "modifiedAtMs": 1790583270650,
        "sessionId": "../export:fixture?*",
        "text": "",
        "title": "Export fixture 中文 / title",
        "transcriptPath": "/tmp/nand-obsidian-e2e/native-grok/sessions/export-fixture/session.json",
        "usage": {
          "cacheRead": 0,
          "cacheWrite": 0,
          "cost": null,
          "input": 0,
          "known": false,
          "output": 0,
          "partial": false
        }
      }
    ],
    "total": 1,
    "usage": {
      "cacheRead": 0,
      "cacheWrite": 0,
      "cost": null,
      "input": 0,
      "known": false,
      "output": 0,
      "partial": true
    }
  },
  "buttons": [
    "＋ 新建会话",
    "自动化",
    "通知中心",
    "终端 状态未知",
    "×",
    "",
    "",
    "",
    "↻",
    "Export fixture 中文 / titlegrok · 9/28/2026",
    "用量"
  ]
}
