{
  "schema_version": 1,
  "scope": "2026-09-28-issue-41-workbench-usability",
  "mode": "read-only-analysis",
  "authorization_checked": false,
  "transaction_gateway_checked": false,
  "workspace_policy": "current",
  "implementation_limit": 1,
  "input_digest": "6fa02d76a9f8afd2438ad90c07ea9b66b040264985385a821180fb42e6b5465c",
  "goal_contract_digest": "3a2c16501872daadc41c2a965cc56191546dcdc54a4e5f76020f7d2cf2d17f82",
  "contract_digests": {
    "T-01": "22e6445739067517274b76f85b14ddb4fff8eb9cde6c300bbeebd24282a1c26a",
    "T-02": "002739b5b3537011c030ad05607000a125bdd9d9f8e4045addceb2776a02a8db"
  },
  "frontier": [],
  "deferred": [],
  "in_flight": [],
  "done": [],
  "cancelled": [],
  "blocked": [
    {
      "id": "T-01",
      "reasons": [
        "Goal planning gate is not ready for execution"
      ]
    },
    {
      "id": "T-02",
      "reasons": [
        "Goal planning gate is not ready for execution",
        "dependency not successfully satisfied: T-01",
        "blocked dependency closure: T-01"
      ]
    }
  ],
  "invalidated": [],
  "eligible_for_final_verification": false,
  "validation_errors": [],
  "errors": [],
  "warnings": [],
  "next": "Lead must verify real authorization, existing transaction/ownership gateways, Skill execution and Goal acceptance; this output does not execute anything."
}
