Already up to date
Done in 550ms using pnpm v11.1.3
$ esbuild scripts/verify-contacts.ts --bundle --platform=node --format=cjs --outfile=scripts/tmp/verify-contacts.cjs --alias:obsidian=./scripts/obsidian-stub.ts --loader:.md=text --log-level=warning && node --test scripts/tmp/verify-contacts.cjs
✔ portable Markdown round trip preserves strings, Unicode, links, table escapes and free prose (34.064997ms)
✔ field-level merge preserves unrelated external edits, unknown properties and untouched body bytes (10.378324ms)
✔ same-field and same-section conflicts retain the external contents (7.788097ms)
✔ malformed YAML, duplicate identity and table boundaries never silently truncate a note (10.255737ms)
✔ manual rows resolve as ordinary Markdown and receive persistent row IDs on save (4.568398ms)
✔ dates allow month precision and unknown former employment without treating it as current (2.468227ms)
✔ employment index deduplicates people, supports concurrent jobs and preserves former jobs (5.740821ms)
✔ direct relationships have computed inverses, no duplicate writes and no inferred friendships (4.052277ms)
✔ renames preserve identity; duplicate IDs and conflicting visible links block mutation (4.335399ms)
✔ filters are OR within a dimension and AND across dimensions; 5,000 records paginate from the index (144.861574ms)
✔ folder preferences reject hidden/external/traversal paths and retain defaults (0.645866ms)
✔ write queue recovers after failures and keeps saves to the same identity ordered (0.502345ms)
✔ vault integration: duplicate names, real files, disk failure, external edits, deletion and rebuilding (15.918193ms)
✔ folder switching rejects stale forms and preserves old files (2.886616ms)
✔ two windows merge independent fields but reject overlapping edits (14.720067ms)
✔ unsaved edits in the native Markdown editor prevent panel writes (2.313959ms)
✔ an unreadable file does not hide other records during a rebuild (4.374545ms)
✔ a relationship entered from the opposite profile cannot duplicate its computed inverse (0.484544ms)
✔ renaming updates the generated heading without overwriting a customized heading (2.72912ms)
✔ new notes localize headings and tables while language changes preserve parsing (1.609345ms)
✔ format guide uses creation-time language and preserves existing documents and record identity (7.564289ms)
✔ both format guides document table headings accepted by the real Markdown parser (11.140378ms)
ℹ tests 22
ℹ suites 0
ℹ pass 22
ℹ fail 0
ℹ cancelled 0
ℹ skipped 0
ℹ todo 0
ℹ duration_ms 447.131285
