Already up to date
Done in 414ms using pnpm v11.1.3
$ node --experimental-strip-types --import ./scripts/register-ts-hooks.mjs --test src/plugin/settings/nav.test.ts src/plugin/settings/connection-menu.test.ts src/plugin/settings/weather-copy.test.ts src/plugin/terminal-leaf-kind.test.ts src/plugin/module-lifecycle.test.ts && esbuild src/plugin/settings/terminal-sections.test.ts --bundle --platform=node --format=cjs --outfile=scripts/tmp/terminal-sections.test.cjs --alias:obsidian=./scripts/iconic-obsidian-stub.ts --loader:.svg=text --log-level=warning && node --test scripts/tmp/terminal-sections.test.cjs && esbuild src/plugin/settings/setting-definitions.test.ts --bundle --platform=node --format=cjs --outfile=scripts/tmp/setting-definitions.test.cjs --alias:obsidian=./scripts/iconic-obsidian-stub.ts --loader:.svg=text --log-level=warning && node --test scripts/tmp/setting-definitions.test.cjs
✔ board and editor toggles preserve every terminal session and output (7.910379ms)
✔ only real terminal transitions replace leaves; repeated flags are no-ops (0.359488ms)
✔ mobile never activates a terminal (0.151838ms)
✔ queued requests read the latest flags and wait for shutdown (0.229455ms)
✔ a rejected transition does not poison the queue (0.479039ms)
✔ unload prevents pending module work from starting services (0.140773ms)
✔ archive transitions run on mobile without restarting the terminal (0.157026ms)
✔ connection menu matches the server-connection title in both plugin languages (0.77937ms)
✔ other terminal menu labels stay on their existing keys (0.272483ms)
✔ settings tab reads terminal menu labels from the shared helper (0.2542ms)
✔ home is the first primary settings product (1.648596ms)
✔ top tabs keep home and sync and hide closed domains (0.327036ms)
✔ domain sections stay in their previous order for stacking on one tab (0.230104ms)
✔ settings stylesheet does not keep a left-hand settings column (3.952302ms)
✔ archives has independent navigation and respects its module gate (0.575189ms)
✔ weather setting copy is translated in both languages (1.177222ms)
✔ an active host reopens a terminal leaf (0.875396ms)
✔ an inactive host reopens the placeholder leaf (0.153827ms)
ℹ tests 18
ℹ suites 0
ℹ pass 18
ℹ fail 0
ℹ cancelled 0
ℹ skipped 0
ℹ todo 0
ℹ duration_ms 390.755529
✔ stacked terminal sections keep the appearance block, launcher subscription, and offline hint (15.94786ms)
ℹ tests 1
ℹ suites 0
ℹ pass 1
ℹ fail 0
ℹ cancelled 0
ℹ skipped 0
ℹ todo 0
ℹ duration_ms 126.76219
✔ declarative setting names are unique in both languages (2.565029ms)
ℹ tests 1
ℹ suites 0
ℹ pass 1
ℹ fail 0
ℹ cancelled 0
ℹ skipped 0
ℹ todo 0
ℹ duration_ms 145.516116
