{
  "schema_version": 1,
  "scope": "2026-09-28-issue-40-visible-export",
  "mode": "read-only-analysis",
  "authorization_checked": false,
  "transaction_gateway_checked": false,
  "workspace_policy": "current",
  "implementation_limit": 1,
  "input_digest": "152b35cfde5aa4b1e051d1846478e8e5bc06aae48e97ebea99493bdd0b1a46ce",
  "goal_contract_digest": "0401fe3cd78a8687d38177eb3f88fa76bd8e94d9b640e134f0a9e0a81ef7c9bb",
  "contract_digests": {
    "T-01": "8348302226795641c45ddf46803ab6684237b2dcd408dd95c6f10b511fe7574f"
  },
  "frontier": [],
  "deferred": [],
  "in_flight": [],
  "done": [],
  "cancelled": [],
  "blocked": [
    {
      "id": "T-01",
      "reasons": [
        "Goal planning gate is not ready for execution"
      ]
    }
  ],
  "invalidated": [],
  "eligible_for_final_verification": false,
  "validation_errors": [],
  "errors": [],
  "warnings": [],
  "next": "Lead must verify real authorization, existing transaction/ownership gateways, Skill execution and Goal acceptance; this output does not execute anything."
}
