✖ release candidate versions agree and advance beyond the incompatible public service (1.286548ms)
✖ upgrading the plugin rejects an installed 0.0.1 service and accepts the matching service (2.910015ms)
✔ release gate rejects wrong tags, missing platforms and corrupt terminal assets (5.210994ms)
✔ resolveBinaryAssetUrls builds GitHub Release URLs for Unix binaries (0.1895ms)
✔ resolveBinaryAssetUrls ignores the legacy R2 source and still uses GitHub (0.099404ms)
✔ resolveBinaryAssetUrls builds GitHub latest fallback URLs (0.072602ms)
ℹ tests 6
ℹ suites 0
ℹ pass 4
ℹ fail 2
ℹ cancelled 0
ℹ skipped 0
ℹ todo 0
ℹ duration_ms 198.633816

✖ failing tests:

test at src/platform/terminal-server/binary-downloader.test.ts:12:1
✖ release candidate versions agree and advance beyond the incompatible public service (1.286548ms)
  AssertionError [ERR_ASSERTION]: Expected "actual" to be strictly unequal to:
  
  '0.0.1'
      at TestContext.<anonymous> (file:///srv/nand/src/platform/terminal-server/binary-downloader.test.ts:14:9)
      at Test.runInAsyncScope (node:async_hooks:227:14)
      at Test.run (node:internal/test_runner/test:1402:25)
      at Test.start (node:internal/test_runner/test:1262:17)
      at startSubtestAfterBootstrap (node:internal/test_runner/harness:387:17) {
    generatedMessage: true,
    code: 'ERR_ASSERTION',
    actual: '0.0.1',
    expected: '0.0.1',
    operator: 'notStrictEqual',
    diff: 'simple'
  }

test at src/platform/terminal-server/binary-downloader.test.ts:24:1
✖ upgrading the plugin rejects an installed 0.0.1 service and accepts the matching service (2.910015ms)
  AssertionError [ERR_ASSERTION]: Expected values to be strictly equal:
  
  true !== false
  
      at TestContext.<anonymous> (file:///srv/nand/src/platform/terminal-server/binary-downloader.test.ts:38:10)
      at Test.runInAsyncScope (node:async_hooks:227:14)
      at Test.run (node:internal/test_runner/test:1402:25)
      at Test.processPendingSubtests (node:internal/test_runner/test:974:18)
      at Test.postRun (node:internal/test_runner/test:1542:19)
      at Test.run (node:internal/test_runner/test:1467:12)
      at async startSubtestAfterBootstrap (node:internal/test_runner/harness:387:3) {
    generatedMessage: true,
    code: 'ERR_ASSERTION',
    actual: true,
    expected: false,
    operator: 'strictEqual',
    diff: 'simple'
  }
