{
  "sessions": {
    "ids": [
      "terminal-b79f9b65-9d98-41c9-ba6d-7f54b0d3d1fd",
      "terminal-6f1571a1-10d4-4233-941b-8708df095e9b"
    ],
    "labels": [
      "Same Terminal 状态未知",
      "Same Terminal 状态未知"
    ]
  },
  "rows": [
    {
      "width": 1280,
      "height": 900,
      "geometry": {
        "leaf": {
          "x": 44,
          "y": 40,
          "width": 1236,
          "height": 860,
          "bottom": 900,
          "right": 1280
        },
        "select": {
          "x": 1021,
          "y": 160,
          "width": 235,
          "height": 16.890625,
          "bottom": 176.890625,
          "right": 1256
        },
        "input": {
          "x": 1021,
          "y": 124,
          "width": 235,
          "height": 28,
          "bottom": 152,
          "right": 1256
        },
        "usage": {
          "x": 44,
          "y": 851,
          "width": 1236,
          "height": 49,
          "bottom": 900,
          "right": 1280
        },
        "status": {
          "x": 1243,
          "y": 875,
          "width": 37,
          "height": 25,
          "bottom": 900,
          "right": 1280
        },
        "selectStyle": {
          "height": "16.8906px",
          "flexShrink": "1"
        },
        "overflow": {
          "client": 1236,
          "scroll": 1236
        },
        "text": "当前库消耗 · 原生 token 用量不可用用量"
      }
    },
    {
      "width": 800,
      "height": 600,
      "geometry": {
        "leaf": {
          "x": 44,
          "y": 40,
          "width": 756,
          "height": 560,
          "bottom": 600,
          "right": 800
        },
        "select": {
          "x": 541,
          "y": 160,
          "width": 235,
          "height": 16.890625,
          "bottom": 176.890625,
          "right": 776
        },
        "input": {
          "x": 541,
          "y": 124,
          "width": 235,
          "height": 28,
          "bottom": 152,
          "right": 776
        },
        "usage": {
          "x": 44,
          "y": 551,
          "width": 756,
          "height": 49,
          "bottom": 600,
          "right": 800
        },
        "status": {
          "x": 763,
          "y": 575,
          "width": 37,
          "height": 25,
          "bottom": 600,
          "right": 800
        },
        "selectStyle": {
          "height": "16.8906px",
          "flexShrink": "1"
        },
        "overflow": {
          "client": 756,
          "scroll": 756
        },
        "text": "当前库消耗 · 原生 token 用量不可用用量"
      }
    },
    {
      "width": 500,
      "height": 600,
      "geometry": {
        "leaf": {
          "x": 44,
          "y": 40,
          "width": 456,
          "height": 560,
          "bottom": 600,
          "right": 500
        },
        "select": {
          "x": 57,
          "y": 472,
          "width": 419,
          "height": 16.890625,
          "bottom": 488.890625,
          "right": 476
        },
        "input": {
          "x": 57,
          "y": 436,
          "width": 419,
          "height": 28,
          "bottom": 464,
          "right": 476
        },
        "usage": {
          "x": 44,
          "y": 551,
          "width": 456,
          "height": 49,
          "bottom": 600,
          "right": 500
        },
        "status": {
          "x": 463,
          "y": 575,
          "width": 37,
          "height": 25,
          "bottom": 600,
          "right": 500
        },
        "selectStyle": {
          "height": "16.8906px",
          "flexShrink": "1"
        },
        "overflow": {
          "client": 456,
          "scroll": 456
        },
        "text": "当前库消耗 · 原生 token 用量不可用用量"
      }
    },
    {
      "width": 350,
      "height": 500,
      "geometry": {
        "leaf": {
          "x": 44,
          "y": 40,
          "width": 306,
          "height": 460,
          "bottom": 500,
          "right": 350
        },
        "select": {
          "x": 57,
          "y": 372,
          "width": 269,
          "height": 16.890625,
          "bottom": 388.890625,
          "right": 326
        },
        "input": {
          "x": 57,
          "y": 336,
          "width": 269,
          "height": 28,
          "bottom": 364,
          "right": 326
        },
        "usage": {
          "x": 44,
          "y": 451,
          "width": 306,
          "height": 49,
          "bottom": 500,
          "right": 350
        },
        "status": {
          "x": 313,
          "y": 475,
          "width": 37,
          "height": 25,
          "bottom": 500,
          "right": 350
        },
        "selectStyle": {
          "height": "16.8906px",
          "flexShrink": "1"
        },
        "overflow": {
          "client": 306,
          "scroll": 306
        },
        "text": "当前库消耗 · 原生 token 用量不可用用量"
      }
    }
  ]
}
