{
  "total": 111,
  "last": 11,
  "sample": {
    "accountKey": "{\"GROK_HOME\":\"/tmp/nand-obsidian-e2e/native-grok\"}",
    "agentId": "grok",
    "cwd": "/tmp/nand-obsidian-e2e/vault",
    "key": "[\"grok\",\"{\\\"GROK_HOME\\\":\\\"/tmp/nand-obsidian-e2e/native-grok\\\"}\",\"history-fixture-110\"]",
    "modifiedAtMs": 1790596910000,
    "sessionId": "history-fixture-110",
    "text": "",
    "title": "History fixture 110",
    "transcriptPath": "/tmp/nand-obsidian-e2e/native-grok/sessions/history-fixture-110/session.json",
    "usage": {
      "cacheRead": 0,
      "cacheWrite": 0,
      "cost": null,
      "input": 0,
      "known": false,
      "output": 0,
      "partial": false
    }
  }
}
