{
  "schema_version": 1,
  "scope": "2026-09-28-issue-39-widget-source",
  "mode": "read-only-analysis",
  "authorization_checked": false,
  "transaction_gateway_checked": false,
  "workspace_policy": "current",
  "implementation_limit": 1,
  "input_digest": "1215e9aeac35d6b828ad97fcd7fde43471f9c77a969eb81e853cfa4b49218e89",
  "goal_contract_digest": "905f0345f78ebf0583cd4162aae2f2a4ca2186c5709da1c7d0182ccb87dfbe6e",
  "contract_digests": {
    "T-01": "1b4734d859bbac3da0c555c51c8fc848511a3e5238d5d57196626a18d767a6ab"
  },
  "frontier": [],
  "deferred": [],
  "in_flight": [],
  "done": [],
  "cancelled": [],
  "blocked": [
    {
      "id": "T-01",
      "reasons": [
        "Goal planning gate is not ready for execution"
      ]
    }
  ],
  "invalidated": [],
  "eligible_for_final_verification": false,
  "validation_errors": [],
  "errors": [],
  "warnings": [],
  "next": "Lead must verify real authorization, existing transaction/ownership gateways, Skill execution and Goal acceptance; this output does not execute anything."
}
