Already up to date
Done in 367ms using pnpm v11.1.3
$ esbuild scripts/verify-issue-regressions.ts --bundle --platform=node --format=cjs --outfile=node_modules/.tmp/verify-issue-regressions.cjs --alias:obsidian=./scripts/obsidian-stub.ts --log-level=warning && node node_modules/.tmp/verify-issue-regressions.cjs
AssertionError [ERR_ASSERTION]: Expected values to be strictly equal:
+ actual - expected

+ 'NAND: 自动化'
- 'NAND: 打开自动化'
         ^

    at main (/srv/nand/node_modules/.tmp/verify-issue-regressions.cjs:10209:27)
    at Object.<anonymous> (/srv/nand/node_modules/.tmp/verify-issue-regressions.cjs:10399:6)
    at Module._compile (node:internal/modules/cjs/loader:1929:14)
    at Object..js (node:internal/modules/cjs/loader:2060:10)
    at Module.load (node:internal/modules/cjs/loader:1651:32)
    at Module._load (node:internal/modules/cjs/loader:1443:12)
    at wrapModuleLoad (node:internal/modules/cjs/loader:261:19)
    at Module.executeUserEntryPoint [as runMain] (node:internal/modules/run_main:154:5)
    at node:internal/main/run_main_module:33:47 {
  generatedMessage: true,
  code: 'ERR_ASSERTION',
  actual: 'NAND: 自动化',
  expected: 'NAND: 打开自动化',
  operator: 'strictEqual',
  diff: 'simple'
}
[ELIFECYCLE] Command failed with exit code 1.
