{
  "geometry": {
    "leaf": {
      "x": 44,
      "y": 77.9375,
      "width": 980,
      "height": 722.0625,
      "top": 77.9375,
      "right": 1024,
      "bottom": 800,
      "left": 44
    },
    "button": {
      "x": 56,
      "y": 737.4375,
      "width": 50.015625,
      "height": 30,
      "top": 737.4375,
      "right": 106.015625,
      "bottom": 767.4375,
      "left": 56
    },
    "scroll": 3317
  },
  "recovered": true,
  "runsBefore": 100,
  "runsAfter": 100,
  "list": 106
}
