Already up to date
Done in 421ms using pnpm v11.1.3
$ esbuild scripts/verify-contacts.ts --bundle --platform=node --format=cjs --outfile=scripts/tmp/verify-contacts.cjs --alias:obsidian=./scripts/obsidian-stub.ts --loader:.md=text --log-level=warning && node --test scripts/tmp/verify-contacts.cjs
✔ portable Markdown round trip preserves strings, Unicode, links, table escapes and free prose (23.647727ms)
✔ field-level merge preserves unrelated external edits, unknown properties and untouched body bytes (9.651547ms)
✔ same-field and same-section conflicts retain the external contents (6.974163ms)
✔ malformed YAML, duplicate identity and table boundaries never silently truncate a note (5.388661ms)
✔ manual rows resolve as ordinary Markdown and receive persistent row IDs on save (3.850921ms)
✔ dates allow month precision and unknown former employment without treating it as current (3.453032ms)
✔ employment index deduplicates people, supports concurrent jobs and preserves former jobs (7.204159ms)
✔ direct relationships have computed inverses, no duplicate writes and no inferred friendships (2.119714ms)
✔ renames preserve identity; duplicate IDs and conflicting visible links block mutation (2.729568ms)
✔ filters are OR within a dimension and AND across dimensions; 5,000 records paginate from the index (107.749955ms)
✔ folder preferences reject hidden/external/traversal paths and retain defaults (0.497604ms)
✔ write queue recovers after failures and keeps saves to the same identity ordered (0.289013ms)
✔ vault integration: duplicate names, real files, disk failure, external edits, deletion and rebuilding (14.481676ms)
✔ folder switching rejects stale forms and preserves old files (3.158122ms)
✔ two windows merge independent fields but reject overlapping edits (11.658034ms)
✔ unsaved edits in the native Markdown editor prevent panel writes (4.045126ms)
✔ an unreadable file does not hide other records during a rebuild (4.783582ms)
✔ a relationship entered from the opposite profile cannot duplicate its computed inverse (0.411132ms)
✔ renaming updates the generated heading without overwriting a customized heading (2.582406ms)
✔ new notes localize headings and tables while language changes preserve parsing (1.356904ms)
✔ format guide uses creation-time language and preserves existing documents and record identity (7.326972ms)
✔ both format guides document table headings accepted by the real Markdown parser (9.823937ms)
ℹ tests 22
ℹ suites 0
ℹ pass 22
ℹ fail 0
ℹ cancelled 0
ℹ skipped 0
ℹ todo 0
ℹ duration_ms 352.840872
