Already up to date
Done in 417ms using pnpm v11.1.3
$ node --experimental-strip-types --import ./scripts/register-ts-hooks.mjs --test src/plugin/settings/nav.test.ts src/plugin/settings/connection-menu.test.ts src/plugin/settings/weather-copy.test.ts src/plugin/terminal-leaf-kind.test.ts src/plugin/module-lifecycle.test.ts && esbuild src/plugin/settings/terminal-sections.test.ts --bundle --platform=node --format=cjs --outfile=scripts/tmp/terminal-sections.test.cjs --alias:obsidian=./scripts/iconic-obsidian-stub.ts --loader:.svg=text --log-level=warning && node --test scripts/tmp/terminal-sections.test.cjs && esbuild src/plugin/settings/setting-definitions.test.ts --bundle --platform=node --format=cjs --outfile=scripts/tmp/setting-definitions.test.cjs --alias:obsidian=./scripts/iconic-obsidian-stub.ts --loader:.svg=text --log-level=warning && node --test scripts/tmp/setting-definitions.test.cjs
✔ board and editor toggles preserve every terminal session and output (4.401751ms)
✔ only real terminal transitions replace leaves; repeated flags are no-ops (0.549542ms)
✔ mobile never activates a terminal (0.27894ms)
✔ queued requests read the latest flags and wait for shutdown (0.306817ms)
✔ a rejected transition does not poison the queue (0.588436ms)
✔ unload prevents pending module work from starting services (0.136318ms)
✔ archive transitions run on mobile without restarting the terminal (0.194173ms)
✔ automation stops before its terminal dependency and repeated toggles preserve independent sessions (0.511169ms)
✔ connection menu matches the server-connection title in both plugin languages (0.773211ms)
✔ other terminal menu labels stay on their existing keys (0.282712ms)
✔ settings tab reads terminal menu labels from the shared helper (0.26706ms)
✔ home is the first primary settings product (5.50631ms)
✔ top tabs keep home and sync and hide closed domains (3.952786ms)
✔ domain sections stay in their previous order for stacking on one tab (0.600331ms)
✔ settings stylesheet does not keep a left-hand settings column (10.349241ms)
✔ archives has independent navigation and respects its module gate (0.48394ms)
✔ weather setting copy is translated in both languages (0.754623ms)
✔ an active host reopens a terminal leaf (1.270155ms)
✔ an inactive host reopens the placeholder leaf (0.159605ms)
ℹ tests 19
ℹ suites 0
ℹ pass 19
ℹ fail 0
ℹ cancelled 0
ℹ skipped 0
ℹ todo 0
ℹ duration_ms 629.631213
✔ stacked terminal sections keep the appearance block, launcher subscription, and offline hint (32.311975ms)
ℹ tests 1
ℹ suites 0
ℹ pass 1
ℹ fail 0
ℹ cancelled 0
ℹ skipped 0
ℹ todo 0
ℹ duration_ms 307.573451
✔ declarative setting names are unique in both languages (2.126475ms)
ℹ tests 1
ℹ suites 0
ℹ pass 1
ℹ fail 0
ℹ cancelled 0
ℹ skipped 0
ℹ todo 0
ℹ duration_ms 151.238034
