{
  "schema_version": 1,
  "scope": "2026-09-28-issue-30-live-language-refresh",
  "mode": "read-only-analysis",
  "authorization_checked": false,
  "transaction_gateway_checked": false,
  "workspace_policy": "current",
  "implementation_limit": 1,
  "input_digest": "0fdf3a01185126d9bedda6d589ea176ebf6e92b4fe2b7ad0fbf8dc7e821779de",
  "goal_contract_digest": "816488c2c8c7797ad15617a6a3199bbfaeb5efe73303f9ddc331e7577e8eb160",
  "contract_digests": {
    "T-01": "674993366437fc1b032bc21bbf17c9022ec73dd42976bc8807943f3678710701",
    "T-02": "2e2f044341517c60495857e76b98125be4e96c8f57083bd1b199b4be496281ae"
  },
  "frontier": [],
  "deferred": [],
  "in_flight": [],
  "done": [],
  "cancelled": [],
  "blocked": [
    {
      "id": "T-01",
      "reasons": [
        "Goal planning gate is not ready for execution"
      ]
    },
    {
      "id": "T-02",
      "reasons": [
        "Goal planning gate is not ready for execution"
      ]
    }
  ],
  "invalidated": [],
  "eligible_for_final_verification": false,
  "validation_errors": [],
  "errors": [],
  "warnings": [
    "concurrent Ready Tickets T-01/T-02 share owned paths; an explicit owner or serialization is required"
  ],
  "next": "Lead must verify real authorization, existing transaction/ownership gateways, Skill execution and Goal acceptance; this output does not execute anything."
}
