Already up to date
Done in 372ms using pnpm v11.1.3
$ esbuild scripts/verify-contacts.ts --bundle --platform=node --format=cjs --outfile=scripts/tmp/verify-contacts.cjs --alias:obsidian=./scripts/obsidian-stub.ts --loader:.md=text --log-level=warning && node --test scripts/tmp/verify-contacts.cjs
✔ portable Markdown round trip preserves strings, Unicode, links, table escapes and free prose (18.926962ms)
✔ field-level merge preserves unrelated external edits, unknown properties and untouched body bytes (8.125067ms)
✔ same-field and same-section conflicts retain the external contents (5.111559ms)
✔ malformed YAML, duplicate identity and table boundaries never silently truncate a note (4.755083ms)
✔ manual rows resolve as ordinary Markdown and receive persistent row IDs on save (3.605051ms)
✔ dates allow month precision and unknown former employment without treating it as current (2.528844ms)
✔ employment index deduplicates people, supports concurrent jobs and preserves former jobs (4.484736ms)
✔ direct relationships have computed inverses, no duplicate writes and no inferred friendships (1.48971ms)
✔ renames preserve identity; duplicate IDs and conflicting visible links block mutation (1.876626ms)
✔ filters are OR within a dimension and AND across dimensions; 5,000 records paginate from the index (122.49536ms)
✔ folder preferences reject hidden/external/traversal paths and retain defaults (0.842055ms)
✔ write queue recovers after failures and keeps saves to the same identity ordered (0.762883ms)
✔ vault integration: duplicate names, real files, disk failure, external edits, deletion and rebuilding (10.323483ms)
✔ folder switching rejects stale forms and preserves old files (1.800969ms)
✔ two windows merge independent fields but reject overlapping edits (9.997485ms)
✔ unsaved edits in the native Markdown editor prevent panel writes (2.945822ms)
✔ an unreadable file does not hide other records during a rebuild (7.922113ms)
✔ a relationship entered from the opposite profile cannot duplicate its computed inverse (0.412475ms)
✔ renaming updates the generated heading without overwriting a customized heading (2.892452ms)
✔ new notes localize headings and tables while language changes preserve parsing (1.521397ms)
ℹ tests 20
ℹ suites 0
ℹ pass 20
ℹ fail 0
ℹ cancelled 0
ℹ skipped 0
ℹ todo 0
ℹ duration_ms 306.737051
