{
  "passed": true,
  "deferred": [
    {
      "id": "b78186dc9b24866f",
      "type": "nand-dashboard-view",
      "deferred": true
    },
    {
      "id": "4e1bf55d30f7d6c8",
      "type": "nand-contacts-view",
      "deferred": true
    },
    {
      "id": "5d1262f4d7245bed",
      "type": "nand-automation-view",
      "deferred": true
    },
    {
      "id": "cb482cdf94a3a41b",
      "type": "terminal-view",
      "deferred": true
    }
  ],
  "leafCount": 6,
  "contactPath": "档案/联系人/Widget source regression contact.md"
}
