Already up to date
Done in 565ms using pnpm v11.1.3
$ node --experimental-strip-types --import ./scripts/register-ts-hooks.mjs --test src/plugin/settings/nav.test.ts src/plugin/settings/connection-menu.test.ts src/plugin/settings/weather-copy.test.ts src/plugin/terminal-leaf-kind.test.ts src/plugin/module-lifecycle.test.ts && esbuild src/plugin/settings/terminal-sections.test.ts --bundle --platform=node --format=cjs --outfile=scripts/tmp/terminal-sections.test.cjs --alias:obsidian=./scripts/iconic-obsidian-stub.ts --loader:.svg=text --log-level=warning && node --test scripts/tmp/terminal-sections.test.cjs && esbuild src/plugin/settings/setting-definitions.test.ts --bundle --platform=node --format=cjs --outfile=scripts/tmp/setting-definitions.test.cjs --alias:obsidian=./scripts/iconic-obsidian-stub.ts --loader:.svg=text --log-level=warning && node --test scripts/tmp/setting-definitions.test.cjs
✔ board and editor toggles preserve every terminal session and output (4.062087ms)
✔ only real terminal transitions replace leaves; repeated flags are no-ops (0.891592ms)
✔ mobile never activates a terminal (0.420578ms)
✔ queued requests read the latest flags and wait for shutdown (1.203643ms)
✔ a rejected transition does not poison the queue (1.025727ms)
✔ unload prevents pending module work from starting services (0.342314ms)
✔ archive transitions run on mobile without restarting the terminal (0.442943ms)
✔ connection menu matches the server-connection title in both plugin languages (0.836167ms)
✔ other terminal menu labels stay on their existing keys (0.298264ms)
✔ settings tab reads terminal menu labels from the shared helper (2.821482ms)
✔ home is the first primary settings product (4.856809ms)
✔ top tabs keep home and sync and hide closed domains (0.669125ms)
✔ domain sections stay in their previous order for stacking on one tab (0.274166ms)
✔ settings stylesheet does not keep a left-hand settings column (10.200041ms)
✔ archives has independent navigation and respects its module gate (0.563113ms)
✔ weather setting copy is translated in both languages (1.150962ms)
✔ an active host reopens a terminal leaf (2.468758ms)
✔ an inactive host reopens the placeholder leaf (0.313613ms)
ℹ tests 18
ℹ suites 0
ℹ pass 18
ℹ fail 0
ℹ cancelled 0
ℹ skipped 0
ℹ todo 0
ℹ duration_ms 565.791811
✔ stacked terminal sections keep the appearance block, launcher subscription, and offline hint (24.305692ms)
ℹ tests 1
ℹ suites 0
ℹ pass 1
ℹ fail 0
ℹ cancelled 0
ℹ skipped 0
ℹ todo 0
ℹ duration_ms 216.842325
✔ declarative setting names are unique in both languages (2.609992ms)
ℹ tests 1
ℹ suites 0
ℹ pass 1
ℹ fail 0
ℹ cancelled 0
ℹ skipped 0
ℹ todo 0
ℹ duration_ms 214.664655
