   Compiling rust-terminal-servers v1.0.0 (/srv/nand/processes/rust-terminal-servers)
warning: value assigned to `req` is never read
   --> src/agent_data.rs:764:23
    |
764 |         let mut req = request(&temp.0, vec![]);
    |                       ^^^^^^^^^^^^^^^^^^^^^^^^ this value is reassigned later and never used
...
775 |             req = request(&alias, vec![]);
    |             --- `req` is overwritten here before the previous value is read
    |
    = note: `#[warn(unused_assignments)]` (part of `#[warn(unused)]`) on by default

warning: `rust-terminal-servers` (bin "rust-terminal-servers" test) generated 1 warning
    Finished `test` profile [unoptimized + debuginfo] target(s) in 1.69s
     Running unittests src/main.rs (processes/rust-terminal-servers/target/debug/deps/rust_terminal_servers-2fc3a10918929507)

running 1 test
test agent_data::tests::index_paths_accept_vault_aliases_but_reject_escaping_writes ... FAILED

failures:

---- agent_data::tests::index_paths_accept_vault_aliases_but_reject_escaping_writes stdout ----

thread 'agent_data::tests::index_paths_accept_vault_aliases_but_reject_escaping_writes' (1154625) panicked at src/agent_data.rs:777:52:
called `Result::unwrap()` on an `Err` value: "index outside vault"
note: run with `RUST_BACKTRACE=1` environment variable to display a backtrace


failures:
    agent_data::tests::index_paths_accept_vault_aliases_but_reject_escaping_writes

test result: FAILED. 0 passed; 1 failed; 0 ignored; 0 measured; 29 filtered out; finished in 0.00s

error: test failed, to rerun pass `--bin rust-terminal-servers`
