2026-09-28T11:34:14.4132885Z Current runner version: '2.337.0'
2026-09-28T11:34:14.4159926Z ##[group]Runner Image Provisioner
2026-09-28T11:34:14.4160753Z Hosted Compute Agent
2026-09-28T11:34:14.4161271Z Version: 20260828.587
2026-09-28T11:34:14.4161877Z Commit: abac92662cab4cc7352de4f9f9d2e2419aad9c29
2026-09-28T11:34:14.4162554Z Build Date: 2026-08-28T16:44:25Z
2026-09-28T11:34:14.4163157Z Worker ID: {b5469ec5-34b8-4d1e-85af-24f79c305a17}
2026-09-28T11:34:14.4163847Z Azure Region: westus3
2026-09-28T11:34:14.4164360Z ##[endgroup]
2026-09-28T11:34:14.4165704Z ##[group]Operating System
2026-09-28T11:34:14.4166306Z Microsoft Windows Server 2025
2026-09-28T11:34:14.4166853Z 10.0.26100
2026-09-28T11:34:14.4167336Z Datacenter
2026-09-28T11:34:14.4167807Z ##[endgroup]
2026-09-28T11:34:14.4168300Z ##[group]Runner Image
2026-09-28T11:34:14.4168830Z Image: windows-2025-vs2026
2026-09-28T11:34:14.4169350Z Version: 20260922.246.2
2026-09-28T11:34:14.4170837Z Included Software: https://github.com/actions/runner-images/blob/win25-vs2026/20260922.246/images/windows/Windows2025-VS2026-Readme.md
2026-09-28T11:34:14.4172370Z Image Release: https://github.com/actions/runner-images/releases/tag/win25-vs2026%2F20260922.246
2026-09-28T11:34:14.4173272Z ##[endgroup]
2026-09-28T11:34:14.4174344Z ##[group]GITHUB_TOKEN Permissions
2026-09-28T11:34:14.4176395Z Contents: read
2026-09-28T11:34:14.4176885Z Metadata: read
2026-09-28T11:34:14.4177453Z ##[endgroup]
2026-09-28T11:34:14.4179942Z Secret source: Actions
2026-09-28T11:34:14.4180774Z Cache mode: write
2026-09-28T11:34:14.4181410Z Prepare workflow directory
2026-09-28T11:34:14.4491226Z Prepare all required actions
2026-09-28T11:34:14.4537132Z Getting action download info
2026-09-28T11:34:14.7972098Z Download action repository 'actions/checkout@v5' (SHA:fbc6f3992d24b796d5a048ff273f7fcc4a7b6c09)
2026-09-28T11:34:14.9066291Z Download action repository 'dtolnay/rust-toolchain@stable' (SHA:6bed0761d98439e5a578e2877258200ad565ba87)
2026-09-28T11:34:15.1427571Z Download action repository 'actions/upload-artifact@v4' (SHA:ea165f8d65b6e75b540449e92b4886f43607fa02)
2026-09-28T11:34:15.5457914Z Uses: NAMEWTA/nand/.github/workflows/terminal-build.yml@refs/tags/0.0.2 (096c853fb2e08699603f79fef011895b9b9c1703)
2026-09-28T11:34:15.5463084Z Complete job name: terminal / build (windows-latest, x86_64-pc-windows-msvc, win32-x64, .exe)
2026-09-28T11:34:15.6764857Z ##[group]Run actions/checkout@v5
2026-09-28T11:34:15.6766423Z with:
2026-09-28T11:34:15.6766928Z   repository: NAMEWTA/nand
2026-09-28T11:34:15.6771442Z   token: ***
2026-09-28T11:34:15.6771950Z   ssh-strict: true
2026-09-28T11:34:15.6772432Z   ssh-user: git
2026-09-28T11:34:15.6772903Z   persist-credentials: true
2026-09-28T11:34:15.6773486Z   clean: true
2026-09-28T11:34:15.6774066Z   sparse-checkout-cone-mode: true
2026-09-28T11:34:15.6774625Z   fetch-depth: 1
2026-09-28T11:34:15.6775130Z   fetch-tags: false
2026-09-28T11:34:15.6775619Z   show-progress: true
2026-09-28T11:34:15.6776180Z   lfs: false
2026-09-28T11:34:15.6776683Z   submodules: false
2026-09-28T11:34:15.6777164Z   set-safe-directory: true
2026-09-28T11:34:15.6777736Z   allow-unsafe-pr-checkout: false
2026-09-28T11:34:15.6778641Z ##[endgroup]
2026-09-28T11:34:15.8291898Z Syncing repository: NAMEWTA/nand
2026-09-28T11:34:15.8293868Z ##[group]Getting Git version info
2026-09-28T11:34:15.8294726Z Working directory is 'D:\a\nand\nand'
2026-09-28T11:34:15.9223486Z [command]"C:\Program Files\Git\bin\git.exe" version
2026-09-28T11:34:16.3105834Z git version 2.55.0.windows.5
2026-09-28T11:34:16.3152168Z ##[endgroup]
2026-09-28T11:34:16.3174090Z Temporarily overriding HOME='D:\a\_temp\e248e644-bf86-465f-9846-2580178f0a56' before making global git config changes
2026-09-28T11:34:16.3177023Z Adding repository directory to the temporary git global config as a safe directory
2026-09-28T11:34:16.3184321Z [command]"C:\Program Files\Git\bin\git.exe" config --global --add safe.directory D:\a\nand\nand
2026-09-28T11:34:16.3799754Z Deleting the contents of 'D:\a\nand\nand'
2026-09-28T11:34:16.3806684Z ##[group]Initializing the repository
2026-09-28T11:34:16.3813739Z [command]"C:\Program Files\Git\bin\git.exe" init D:\a\nand\nand
2026-09-28T11:34:16.4646907Z Initialized empty Git repository in D:/a/nand/nand/.git/
2026-09-28T11:34:16.4707966Z [command]"C:\Program Files\Git\bin\git.exe" remote add origin https://github.com/NAMEWTA/nand
2026-09-28T11:34:16.5339546Z ##[endgroup]
2026-09-28T11:34:16.5342049Z ##[group]Disabling automatic garbage collection
2026-09-28T11:34:16.5349420Z [command]"C:\Program Files\Git\bin\git.exe" config --local gc.auto 0
2026-09-28T11:34:16.5645261Z ##[endgroup]
2026-09-28T11:34:16.5647862Z ##[group]Setting up auth
2026-09-28T11:34:16.5659095Z [command]"C:\Program Files\Git\bin\git.exe" config --local --name-only --get-regexp core\.sshCommand
2026-09-28T11:34:16.5958702Z [command]"C:\Program Files\Git\bin\git.exe" submodule foreach --recursive "sh -c \"git config --local --name-only --get-regexp 'core\.sshCommand' && git config --local --unset-all 'core.sshCommand' || :\""
2026-09-28T11:34:18.0461809Z [command]"C:\Program Files\Git\bin\git.exe" config --local --name-only --get-regexp http\.https\:\/\/github\.com\/\.extraheader
2026-09-28T11:34:18.0763043Z [command]"C:\Program Files\Git\bin\git.exe" submodule foreach --recursive "sh -c \"git config --local --name-only --get-regexp 'http\.https\:\/\/github\.com\/\.extraheader' && git config --local --unset-all 'http.https://github.com/.extraheader' || :\""
2026-09-28T11:34:18.6085411Z [command]"C:\Program Files\Git\bin\git.exe" config --local --name-only --get-regexp ^includeIf\.gitdir:
2026-09-28T11:34:18.6370221Z [command]"C:\Program Files\Git\bin\git.exe" submodule foreach --recursive "git config --local --show-origin --name-only --get-regexp remote.origin.url"
2026-09-28T11:34:19.1533651Z [command]"C:\Program Files\Git\bin\git.exe" config --local http.https://github.com/.extraheader "AUTHORIZATION: basic ***"
2026-09-28T11:34:19.1846708Z ##[endgroup]
2026-09-28T11:34:19.1847615Z ##[group]Fetching the repository
2026-09-28T11:34:19.1860702Z [command]"C:\Program Files\Git\bin\git.exe" -c protocol.version=2 fetch --no-tags --prune --no-recurse-submodules --depth=1 origin +096c853fb2e08699603f79fef011895b9b9c1703:refs/tags/0.0.2
2026-09-28T11:34:21.4512590Z From https://github.com/NAMEWTA/nand
2026-09-28T11:34:21.4515465Z  * [new ref]         096c853fb2e08699603f79fef011895b9b9c1703 -> 0.0.2
2026-09-28T11:34:21.4560622Z ##[endgroup]
2026-09-28T11:34:21.4561443Z ##[group]Determining the checkout info
2026-09-28T11:34:21.4562179Z ##[endgroup]
2026-09-28T11:34:21.4572412Z [command]"C:\Program Files\Git\bin\git.exe" sparse-checkout disable
2026-09-28T11:34:21.5054626Z [command]"C:\Program Files\Git\bin\git.exe" config --local --unset-all extensions.worktreeConfig
2026-09-28T11:34:21.5349160Z ##[group]Checking out the ref
2026-09-28T11:34:21.5357198Z [command]"C:\Program Files\Git\bin\git.exe" checkout --progress --force refs/tags/0.0.2
2026-09-28T11:34:22.2059384Z Note: switching to 'refs/tags/0.0.2'.
2026-09-28T11:34:22.2062124Z 
2026-09-28T11:34:22.2063164Z You are in 'detached HEAD' state. You can look around, make experimental
2026-09-28T11:34:22.2064450Z changes and commit them, and you can discard any commits you make in this
2026-09-28T11:34:22.2065794Z state without impacting any branches by switching back to a branch.
2026-09-28T11:34:22.2066539Z 
2026-09-28T11:34:22.2067005Z If you want to create a new branch to retain commits you create, you may
2026-09-28T11:34:22.2068034Z do so (now or later) by using -c with the switch command. Example:
2026-09-28T11:34:22.2068602Z 
2026-09-28T11:34:22.2068828Z   git switch -c <new-branch-name>
2026-09-28T11:34:22.2069016Z 
2026-09-28T11:34:22.2069204Z Or undo this operation with:
2026-09-28T11:34:22.2069489Z 
2026-09-28T11:34:22.2069667Z   git switch -
2026-09-28T11:34:22.2069836Z 
2026-09-28T11:34:22.2070036Z Turn off this advice by setting config variable advice.detachedHead to false
2026-09-28T11:34:22.2070372Z 
2026-09-28T11:34:22.2071432Z HEAD is now at 096c853 docs(release): describe the complete 0.0.2 remediation candidate
2026-09-28T11:34:22.2226418Z ##[endgroup]
2026-09-28T11:34:22.2641356Z [command]"C:\Program Files\Git\bin\git.exe" log -1 --format=%H
2026-09-28T11:34:22.2905062Z 096c853fb2e08699603f79fef011895b9b9c1703
2026-09-28T11:34:22.3467032Z ##[group]Run dtolnay/rust-toolchain@stable
2026-09-28T11:34:22.3467515Z with:
2026-09-28T11:34:22.3467833Z   targets: x86_64-pc-windows-msvc
2026-09-28T11:34:22.3468176Z   toolchain: stable
2026-09-28T11:34:22.3468433Z ##[endgroup]
2026-09-28T11:34:22.3562414Z ##[start-action display=Parse toolchain version;id=__dtolnay_rust-toolchain.parse]
2026-09-28T11:34:22.3728721Z ##[group]Run if [[ -z $toolchain ]]; then
2026-09-28T11:34:22.3729197Z [36;1mif [[ -z $toolchain ]]; then[0m
2026-09-28T11:34:22.3729755Z [36;1m  # GitHub does not enforce `required: true` inputs itself. https://github.com/actions/runner/issues/1070[0m
2026-09-28T11:34:22.3730368Z [36;1m  echo "'toolchain' is a required input" >&2[0m
2026-09-28T11:34:22.3730734Z [36;1m  exit 1[0m
2026-09-28T11:34:22.3731102Z [36;1melif [[ $toolchain =~ ^stable' '[0-9]+' '(year|month|week|day)s?' 'ago$ ]]; then[0m
2026-09-28T11:34:22.3731579Z [36;1m  if [[ Windows == macOS ]]; then[0m
2026-09-28T11:34:22.3732244Z [36;1m    echo "toolchain=1.$((($(date -v-$(sed 's/stable \([0-9]*\) \(.\).*/\1\2/' <<< $toolchain) +%s)/60/60/24-16569)/7/6))" >> $GITHUB_OUTPUT[0m
2026-09-28T11:34:22.3732758Z [36;1m  else[0m
2026-09-28T11:34:22.3733181Z [36;1m    echo "toolchain=1.$((($(date --date "${toolchain#stable }" +%s)/60/60/24-16569)/7/6))" >> $GITHUB_OUTPUT[0m
2026-09-28T11:34:22.3733646Z [36;1m  fi[0m
2026-09-28T11:34:22.3734063Z [36;1melif [[ $toolchain =~ ^stable' 'minus' '[0-9]+' 'releases?$ ]]; then[0m
2026-09-28T11:34:22.3734613Z [36;1m  echo "toolchain=1.$((($(date +%s)/60/60/24-16569)/7/6-${toolchain//[^0-9]/}))" >> $GITHUB_OUTPUT[0m
2026-09-28T11:34:22.3735137Z [36;1melif [[ $toolchain =~ ^1\.[0-9]+$ ]]; then[0m
2026-09-28T11:34:22.3735692Z [36;1m  echo "toolchain=1.$((i=${toolchain#1.}, c=($(date +%s)/60/60/24-16569)/7/6, i+9*i*(10*i<=c)+90*i*(100*i<=c)))" >> $GITHUB_OUTPUT[0m
2026-09-28T11:34:22.3736213Z [36;1melse[0m
2026-09-28T11:34:22.3736539Z [36;1m  echo "toolchain=$toolchain" >> $GITHUB_OUTPUT[0m
2026-09-28T11:34:22.3736876Z [36;1mfi[0m
2026-09-28T11:34:22.3795660Z shell: C:\Program Files\Git\bin\bash.EXE --noprofile --norc -e -o pipefail {0}
2026-09-28T11:34:22.3796121Z env:
2026-09-28T11:34:22.3796412Z   toolchain: stable
2026-09-28T11:34:22.3796750Z ##[endgroup]
2026-09-28T11:34:22.6046748Z ##[end-action id=__dtolnay_rust-toolchain.parse;outcome=success;conclusion=success;duration_ms=248]
2026-09-28T11:34:22.6059749Z ##[start-action display=Construct rustup command line;id=__dtolnay_rust-toolchain.flags]
2026-09-28T11:34:22.6202784Z ##[group]Run echo "targets=$(for t in ${targets//,/ }; do echo -n ' --target' $t; done)" >> $GITHUB_OUTPUT
2026-09-28T11:34:22.6203549Z [36;1mecho "targets=$(for t in ${targets//,/ }; do echo -n ' --target' $t; done)" >> $GITHUB_OUTPUT[0m
2026-09-28T11:34:22.6204189Z [36;1mecho "components=$(for c in ${components//,/ }; do echo -n ' --component' $c; done)" >> $GITHUB_OUTPUT[0m
2026-09-28T11:34:22.6204732Z [36;1mecho "downgrade=" >> $GITHUB_OUTPUT[0m
2026-09-28T11:34:22.6217020Z shell: C:\Program Files\Git\bin\bash.EXE --noprofile --norc -e -o pipefail {0}
2026-09-28T11:34:22.6217838Z env:
2026-09-28T11:34:22.6218169Z   targets: x86_64-pc-windows-msvc
2026-09-28T11:34:22.6218495Z   components: 
2026-09-28T11:34:22.6218761Z ##[endgroup]
2026-09-28T11:34:22.6964851Z ##[end-action id=__dtolnay_rust-toolchain.flags;outcome=success;conclusion=success;duration_ms=90]
2026-09-28T11:34:22.6968061Z ##[start-action display=Set $CARGO_HOME;id=__dtolnay_rust-toolchain.__run]
2026-09-28T11:34:22.7094590Z ##[group]Run echo CARGO_HOME=${CARGO_HOME:-"$USERPROFILE\.cargo"} >> $GITHUB_ENV
2026-09-28T11:34:22.7095182Z [36;1mecho CARGO_HOME=${CARGO_HOME:-"$USERPROFILE\.cargo"} >> $GITHUB_ENV[0m
2026-09-28T11:34:22.7106139Z shell: C:\Program Files\Git\bin\bash.EXE --noprofile --norc -e -o pipefail {0}
2026-09-28T11:34:22.7106634Z ##[endgroup]
2026-09-28T11:34:22.7510870Z ##[end-action id=__dtolnay_rust-toolchain.__run;outcome=success;conclusion=success;duration_ms=53]
2026-09-28T11:34:22.7514452Z ##[start-action display=Install rustup if needed;id=__dtolnay_rust-toolchain.__run_2]
2026-09-28T11:34:22.7525776Z ##[end-action id=__dtolnay_rust-toolchain.__run_2;outcome=skipped;conclusion=skipped;duration_ms=0]
2026-09-28T11:34:22.7528695Z ##[start-action display=Install rustup if needed on windows;id=__dtolnay_rust-toolchain.__run_3]
2026-09-28T11:34:22.7658404Z ##[group]Run if ! command -v rustup &>/dev/null; then
2026-09-28T11:34:22.7658872Z [36;1mif ! command -v rustup &>/dev/null; then[0m
2026-09-28T11:34:22.7659684Z [36;1m  curl --proto '=https' --tlsv1.2 --retry 10 --retry-connrefused --location --silent --show-error --fail https://win.rustup.rs/x86_64 --output 'D:\a\_temp\rustup-init.exe'[0m
2026-09-28T11:34:22.7660549Z [36;1m  'D:\a\_temp\rustup-init.exe' --default-toolchain none --no-modify-path -y[0m
2026-09-28T11:34:22.7661015Z [36;1m  echo "$CARGO_HOME\bin" >> $GITHUB_PATH[0m
2026-09-28T11:34:22.7661387Z [36;1mfi[0m
2026-09-28T11:34:22.7673083Z shell: C:\Program Files\Git\bin\bash.EXE --noprofile --norc -e -o pipefail {0}
2026-09-28T11:34:22.7673545Z env:
2026-09-28T11:34:22.7673859Z   CARGO_HOME: C:\Users\runneradmin\.cargo
2026-09-28T11:34:22.7674208Z ##[endgroup]
2026-09-28T11:34:22.8283701Z ##[end-action id=__dtolnay_rust-toolchain.__run_3;outcome=success;conclusion=success;duration_ms=75]
2026-09-28T11:34:22.8299566Z ##[start-action display=rustup toolchain install stable;id=__dtolnay_rust-toolchain.__run_4]
2026-09-28T11:34:22.8432203Z ##[group]Run rustup toolchain install stable --target x86_64-pc-windows-msvc --profile minimal --no-self-update
2026-09-28T11:34:22.8432957Z [36;1mrustup toolchain install stable --target x86_64-pc-windows-msvc --profile minimal --no-self-update[0m
2026-09-28T11:34:22.8444641Z shell: C:\Program Files\Git\bin\bash.EXE --noprofile --norc -e -o pipefail {0}
2026-09-28T11:34:22.8445086Z env:
2026-09-28T11:34:22.8445396Z   CARGO_HOME: C:\Users\runneradmin\.cargo
2026-09-28T11:34:22.8445765Z   RUSTUP_PERMIT_COPY_RENAME: 1
2026-09-28T11:34:22.8446062Z ##[endgroup]
2026-09-28T11:34:26.7119929Z info: syncing channel updates for stable-x86_64-pc-windows-msvc
2026-09-28T11:34:27.2981876Z info: latest update on 2026-09-03 for version 1.98.1 (48a229cea 2026-09-01)
2026-09-28T11:34:27.3268554Z info: component rust-std is up to date
2026-09-28T11:34:27.3283870Z 
2026-09-28T11:34:27.3498593Z   stable-x86_64-pc-windows-msvc unchanged - rustc 1.98.1 (48a229cea 2026-09-01)
2026-09-28T11:34:27.3499201Z 
2026-09-28T11:34:27.3601109Z ##[end-action id=__dtolnay_rust-toolchain.__run_4;outcome=success;conclusion=success;duration_ms=4530]
2026-09-28T11:34:27.3607596Z ##[start-action display=rustup default stable;id=__dtolnay_rust-toolchain.__run_5]
2026-09-28T11:34:27.3733044Z ##[group]Run rustup default stable
2026-09-28T11:34:27.3733402Z [36;1mrustup default stable[0m
2026-09-28T11:34:27.3744475Z shell: C:\Program Files\Git\bin\bash.EXE --noprofile --norc -e -o pipefail {0}
2026-09-28T11:34:27.3744933Z env:
2026-09-28T11:34:27.3745224Z   CARGO_HOME: C:\Users\runneradmin\.cargo
2026-09-28T11:34:27.3745543Z ##[endgroup]
2026-09-28T11:34:27.4512246Z info: using existing install for stable-x86_64-pc-windows-msvc
2026-09-28T11:34:27.4639930Z info: default toolchain set to stable-x86_64-pc-windows-msvc
2026-09-28T11:34:27.4642905Z 
2026-09-28T11:34:27.4853355Z   stable-x86_64-pc-windows-msvc unchanged - rustc 1.98.1 (48a229cea 2026-09-01)
2026-09-28T11:34:27.4853782Z 
2026-09-28T11:34:27.4948238Z ##[end-action id=__dtolnay_rust-toolchain.__run_5;outcome=success;conclusion=success;duration_ms=133]
2026-09-28T11:34:27.4951733Z ##[start-action display=Create cachekey;id=__dtolnay_rust-toolchain.rustc-version]
2026-09-28T11:34:27.5080247Z ##[group]Run DATE=$(rustc +stable --version --verbose | sed -ne 's/^commit-date: \(20[0-9][0-9]\)-\([01][0-9]\)-\([0-3][0-9]\)$/\1\2\3/p')
2026-09-28T11:34:27.5081887Z [36;1mDATE=$(rustc +stable --version --verbose | sed -ne 's/^commit-date: \(20[0-9][0-9]\)-\([01][0-9]\)-\([0-3][0-9]\)$/\1\2\3/p')[0m
2026-09-28T11:34:27.5082553Z [36;1mHASH=$(rustc +stable --version --verbose | sed -ne 's/^commit-hash: //p')[0m
2026-09-28T11:34:27.5083086Z [36;1mecho "cachekey=$(echo $DATE$HASH | head -c12)" >> $GITHUB_OUTPUT[0m
2026-09-28T11:34:27.5093603Z shell: C:\Program Files\Git\bin\bash.EXE --noprofile --norc -e -o pipefail {0}
2026-09-28T11:34:27.5094081Z env:
2026-09-28T11:34:27.5094369Z   CARGO_HOME: C:\Users\runneradmin\.cargo
2026-09-28T11:34:27.5094695Z ##[endgroup]
2026-09-28T11:34:28.3870055Z ##[end-action id=__dtolnay_rust-toolchain.rustc-version;outcome=success;conclusion=success;duration_ms=891]
2026-09-28T11:34:28.3873217Z ##[start-action display=Disable incremental compilation;id=__dtolnay_rust-toolchain.__run_6]
2026-09-28T11:34:28.4006038Z ##[group]Run if [ -z "${CARGO_INCREMENTAL+set}" ]; then
2026-09-28T11:34:28.4006512Z [36;1mif [ -z "${CARGO_INCREMENTAL+set}" ]; then[0m
2026-09-28T11:34:28.4006975Z [36;1m  echo CARGO_INCREMENTAL=0 >> $GITHUB_ENV[0m
2026-09-28T11:34:28.4007454Z [36;1mfi[0m
2026-09-28T11:34:28.4018941Z shell: C:\Program Files\Git\bin\bash.EXE --noprofile --norc -e -o pipefail {0}
2026-09-28T11:34:28.4019674Z env:
2026-09-28T11:34:28.4019986Z   CARGO_HOME: C:\Users\runneradmin\.cargo
2026-09-28T11:34:28.4020363Z ##[endgroup]
2026-09-28T11:34:28.4457695Z ##[end-action id=__dtolnay_rust-toolchain.__run_6;outcome=success;conclusion=success;duration_ms=58]
2026-09-28T11:34:28.4461143Z ##[start-action display=Enable colors in Cargo output;id=__dtolnay_rust-toolchain.__run_7]
2026-09-28T11:34:28.4631189Z ##[group]Run if [ -z "${CARGO_TERM_COLOR+set}" ]; then
2026-09-28T11:34:28.4631975Z [36;1mif [ -z "${CARGO_TERM_COLOR+set}" ]; then[0m
2026-09-28T11:34:28.4632488Z [36;1m  echo CARGO_TERM_COLOR=always >> $GITHUB_ENV[0m
2026-09-28T11:34:28.4633642Z [36;1mfi[0m
2026-09-28T11:34:28.4646633Z shell: C:\Program Files\Git\bin\bash.EXE --noprofile --norc -e -o pipefail {0}
2026-09-28T11:34:28.4647451Z env:
2026-09-28T11:34:28.4647799Z   CARGO_HOME: C:\Users\runneradmin\.cargo
2026-09-28T11:34:28.4648161Z   CARGO_INCREMENTAL: 0
2026-09-28T11:34:28.4648489Z ##[endgroup]
2026-09-28T11:34:28.5106820Z ##[end-action id=__dtolnay_rust-toolchain.__run_7;outcome=success;conclusion=success;duration_ms=64]
2026-09-28T11:34:28.5111869Z ##[start-action display=Enable Cargo sparse registry;id=__dtolnay_rust-toolchain.__run_8]
2026-09-28T11:34:28.5284662Z ##[group]Run # implemented in 1.66, stabilized in 1.68, made default in 1.70
2026-09-28T11:34:28.5285555Z [36;1m# implemented in 1.66, stabilized in 1.68, made default in 1.70[0m
2026-09-28T11:34:28.5286543Z [36;1mif [ -z "${CARGO_REGISTRIES_CRATES_IO_PROTOCOL+set}" -o -f "D:\a\_temp"/.implicit_cargo_registries_crates_io_protocol ]; then[0m
2026-09-28T11:34:28.5287637Z [36;1m  if rustc +stable --version --verbose | grep -q '^release: 1\.6[89]\.'; then[0m
2026-09-28T11:34:28.5289696Z [36;1m    touch "D:\a\_temp"/.implicit_cargo_registries_crates_io_protocol || true[0m
2026-09-28T11:34:28.5291098Z [36;1m    echo CARGO_REGISTRIES_CRATES_IO_PROTOCOL=sparse >> $GITHUB_ENV[0m
2026-09-28T11:34:28.5291954Z [36;1m  elif rustc +stable --version --verbose | grep -q '^release: 1\.6[67]\.'; then[0m
2026-09-28T11:34:28.5292946Z [36;1m    touch "D:\a\_temp"/.implicit_cargo_registries_crates_io_protocol || true[0m
2026-09-28T11:34:28.5293773Z [36;1m    echo CARGO_REGISTRIES_CRATES_IO_PROTOCOL=git >> $GITHUB_ENV[0m
2026-09-28T11:34:28.5294424Z [36;1m  fi[0m
2026-09-28T11:34:28.5295004Z [36;1mfi[0m
2026-09-28T11:34:28.5308144Z shell: C:\Program Files\Git\bin\bash.EXE --noprofile --norc -e -o pipefail {0}
2026-09-28T11:34:28.5309170Z env:
2026-09-28T11:34:28.5310488Z   CARGO_HOME: C:\Users\runneradmin\.cargo
2026-09-28T11:34:28.5310849Z   CARGO_INCREMENTAL: 0
2026-09-28T11:34:28.5311177Z   CARGO_TERM_COLOR: always
2026-09-28T11:34:28.5311503Z ##[endgroup]
2026-09-28T11:34:28.7382611Z ##[end-action id=__dtolnay_rust-toolchain.__run_8;outcome=success;conclusion=success;duration_ms=226]
2026-09-28T11:34:28.7385509Z ##[start-action display=Work around spurious network errors in curl 8.0;id=__dtolnay_rust-toolchain.__run_9]
2026-09-28T11:34:28.7514132Z ##[group]Run # https://rust-lang.zulipchat.com/#narrow/stream/246057-t-cargo/topic/timeout.20investigation
2026-09-28T11:34:28.7514864Z [36;1m# https://rust-lang.zulipchat.com/#narrow/stream/246057-t-cargo/topic/timeout.20investigation[0m
2026-09-28T11:34:28.7515436Z [36;1mif rustc +stable --version --verbose | grep -q '^release: 1\.7[01]\.'; then[0m
2026-09-28T11:34:28.7515892Z [36;1m  echo CARGO_HTTP_MULTIPLEXING=false >> $GITHUB_ENV[0m
2026-09-28T11:34:28.7516254Z [36;1mfi[0m
2026-09-28T11:34:28.7525822Z shell: C:\Program Files\Git\bin\bash.EXE --noprofile --norc -e -o pipefail {0}
2026-09-28T11:34:28.7526238Z env:
2026-09-28T11:34:28.7526510Z   CARGO_HOME: C:\Users\runneradmin\.cargo
2026-09-28T11:34:28.7526815Z   CARGO_INCREMENTAL: 0
2026-09-28T11:34:28.7527189Z   CARGO_TERM_COLOR: always
2026-09-28T11:34:28.7527482Z ##[endgroup]
2026-09-28T11:34:28.8629716Z ##[end-action id=__dtolnay_rust-toolchain.__run_9;outcome=success;conclusion=success;duration_ms=124]
2026-09-28T11:34:28.8633918Z ##[start-action display=rustc +stable --version --verbose;id=__dtolnay_rust-toolchain.__run_10]
2026-09-28T11:34:28.8769228Z ##[group]Run rustc +stable --version --verbose
2026-09-28T11:34:28.8769607Z [36;1mrustc +stable --version --verbose[0m
2026-09-28T11:34:28.8780747Z shell: C:\Program Files\Git\bin\bash.EXE --noprofile --norc -e -o pipefail {0}
2026-09-28T11:34:28.8781281Z env:
2026-09-28T11:34:28.8781578Z   CARGO_HOME: C:\Users\runneradmin\.cargo
2026-09-28T11:34:28.8781925Z   CARGO_INCREMENTAL: 0
2026-09-28T11:34:28.8782245Z   CARGO_TERM_COLOR: always
2026-09-28T11:34:28.8782528Z ##[endgroup]
2026-09-28T11:34:28.9616042Z rustc 1.98.1 (48a229cea 2026-09-01)
2026-09-28T11:34:28.9616559Z binary: rustc
2026-09-28T11:34:28.9616923Z commit-hash: 48a229ceaefd4985c50990b14116b6d856af0985
2026-09-28T11:34:28.9617344Z commit-date: 2026-09-01
2026-09-28T11:34:28.9617714Z host: x86_64-pc-windows-msvc
2026-09-28T11:34:28.9618006Z release: 1.98.1
2026-09-28T11:34:28.9618448Z LLVM version: 22.1.8
2026-09-28T11:34:28.9763502Z ##[end-action id=__dtolnay_rust-toolchain.__run_10;outcome=success;conclusion=success;duration_ms=112]
2026-09-28T11:34:28.9944917Z ##[group]Run cargo test --locked --manifest-path processes/rust-terminal-servers/Cargo.toml --target 'x86_64-pc-windows-msvc'
2026-09-28T11:34:28.9945971Z [36;1mcargo test --locked --manifest-path processes/rust-terminal-servers/Cargo.toml --target 'x86_64-pc-windows-msvc'[0m
2026-09-28T11:34:28.9946949Z [36;1mcargo build --locked --release --manifest-path processes/rust-terminal-servers/Cargo.toml --target 'x86_64-pc-windows-msvc'[0m
2026-09-28T11:34:28.9958924Z shell: C:\Program Files\Git\bin\bash.EXE --noprofile --norc -e -o pipefail {0}
2026-09-28T11:34:28.9959424Z env:
2026-09-28T11:34:28.9959781Z   CARGO_HOME: C:\Users\runneradmin\.cargo
2026-09-28T11:34:28.9960135Z   CARGO_INCREMENTAL: 0
2026-09-28T11:34:28.9960459Z   CARGO_TERM_COLOR: always
2026-09-28T11:34:28.9960794Z   TERMINAL_SERVER_VERSION: 0.0.2
2026-09-28T11:34:28.9961133Z ##[endgroup]
2026-09-28T11:34:32.4371696Z [1m[92m    Updating[0m crates.io index
2026-09-28T11:34:33.3625067Z [1m[92m Downloading[0m crates ...
2026-09-28T11:34:33.5298255Z [1m[92m  Downloaded[0m anyhow v1.0.100
2026-09-28T11:34:33.6292832Z [1m[92m  Downloaded[0m bitflags v1.3.2
2026-09-28T11:34:34.2824768Z [1m[92m  Downloaded[0m cfg-if v1.0.4
2026-09-28T11:34:34.3013275Z [1m[92m  Downloaded[0m filedescriptor v0.8.3
2026-09-28T11:34:34.3098846Z [1m[92m  Downloaded[0m crypto-common v0.1.7
2026-09-28T11:34:34.3192725Z [1m[92m  Downloaded[0m futures-task v0.3.31
2026-09-28T11:34:34.3463823Z [1m[92m  Downloaded[0m futures-sink v0.3.31
2026-09-28T11:34:34.3538472Z [1m[92m  Downloaded[0m futures-macro v0.3.31
2026-09-28T11:34:34.3665614Z [1m[92m  Downloaded[0m itoa v1.0.17
2026-09-28T11:34:34.3782408Z [1m[92m  Downloaded[0m async-trait v0.1.89
2026-09-28T11:34:34.4223969Z [1m[92m  Downloaded[0m futures-core v0.3.31
2026-09-28T11:34:34.4334371Z [1m[92m  Downloaded[0m utf-8 v0.7.6
2026-09-28T11:34:34.4471744Z [1m[92m  Downloaded[0m fallible-streaming-iterator v0.1.9
2026-09-28T11:34:34.4549867Z [1m[92m  Downloaded[0m shared_library v0.1.9
2026-09-28T11:34:34.4624411Z [1m[92m  Downloaded[0m version_check v0.9.5
2026-09-28T11:34:34.4791058Z [1m[92m  Downloaded[0m windows-targets v0.53.5
2026-09-28T11:34:34.4877868Z [1m[92m  Downloaded[0m block-buffer v0.10.4
2026-09-28T11:34:34.5038459Z [1m[92m  Downloaded[0m cfg_aliases v0.1.1
2026-09-28T11:34:34.5137182Z [1m[92m  Downloaded[0m cpufeatures v0.2.17
2026-09-28T11:34:34.5265390Z [1m[92m  Downloaded[0m downcast-rs v1.2.1
2026-09-28T11:34:34.5426922Z [1m[92m  Downloaded[0m home v0.5.12
2026-09-28T11:34:34.5526983Z [1m[92m  Downloaded[0m sha1 v0.10.6
2026-09-28T11:34:34.5669568Z [1m[92m  Downloaded[0m generic-array v0.14.7
2026-09-28T11:34:34.5825858Z [1m[92m  Downloaded[0m windows-link v0.2.1
2026-09-28T11:34:34.5955590Z [1m[92m  Downloaded[0m shell-words v1.1.1
2026-09-28T11:34:34.6039768Z [1m[92m  Downloaded[0m pin-utils v0.1.0
2026-09-28T11:34:34.6156302Z [1m[92m  Downloaded[0m lazy_static v1.5.0
2026-09-28T11:34:34.6411926Z [1m[92m  Downloaded[0m data-encoding v2.10.0
2026-09-28T11:34:34.6485280Z [1m[92m  Downloaded[0m either v1.15.0
2026-09-28T11:34:34.6640455Z [1m[92m  Downloaded[0m fallible-iterator v0.3.0
2026-09-28T11:34:34.6742012Z [1m[92m  Downloaded[0m hashlink v0.9.1
2026-09-28T11:34:34.6963251Z [1m[92m  Downloaded[0m rand_chacha v0.9.0
2026-09-28T11:34:34.7104876Z [1m[92m  Downloaded[0m thiserror v1.0.69
2026-09-28T11:34:34.7841593Z [1m[92m  Downloaded[0m which v6.0.3
2026-09-28T11:34:34.7959355Z [1m[92m  Downloaded[0m pkg-config v0.3.34
2026-09-28T11:34:34.8078750Z [1m[92m  Downloaded[0m ppv-lite86 v0.2.21
2026-09-28T11:34:34.8218078Z [1m[92m  Downloaded[0m shlex v2.0.1
2026-09-28T11:34:34.8317284Z [1m[92m  Downloaded[0m find-msvc-tools v0.1.14
2026-09-28T11:34:34.8462537Z [1m[92m  Downloaded[0m thiserror-impl v1.0.69
2026-09-28T11:34:34.8639520Z [1m[92m  Downloaded[0m portable-pty v0.9.0
2026-09-28T11:34:34.8766021Z [1m[92m  Downloaded[0m zmij v1.0.17
2026-09-28T11:34:34.8895567Z [1m[92m  Downloaded[0m pin-project-lite v0.2.16
2026-09-28T11:34:34.9709798Z [1m[92m  Downloaded[0m quote v1.0.44
2026-09-28T11:34:35.0032002Z [1m[92m  Downloaded[0m rand_core v0.9.5
2026-09-28T11:34:35.0153284Z [1m[92m  Downloaded[0m thiserror-impl v2.0.18
2026-09-28T11:34:35.0311195Z [1m[92m  Downloaded[0m tokio-macros v2.6.0
2026-09-28T11:34:35.0402357Z [1m[92m  Downloaded[0m ahash v0.8.12
2026-09-28T11:34:35.0733067Z [1m[92m  Downloaded[0m bitflags v2.10.0
2026-09-28T11:34:38.7000936Z [1m[92m  Downloaded[0m serial2 v0.2.33
2026-09-28T11:34:38.7290573Z [1m[92m  Downloaded[0m tokio-tungstenite v0.28.0
2026-09-28T11:34:38.7479225Z [1m[92m  Downloaded[0m winreg v0.10.1
2026-09-28T11:34:38.7791586Z [1m[92m  Downloaded[0m digest v0.10.7
2026-09-28T11:34:38.8002173Z [1m[92m  Downloaded[0m smallvec v1.16.2
2026-09-28T11:34:38.8088320Z [1m[92m  Downloaded[0m slab v0.4.11
2026-09-28T11:34:38.8224853Z [1m[92m  Downloaded[0m once_cell v1.21.3
2026-09-28T11:34:38.8450877Z [1m[92m  Downloaded[0m unicode-ident v1.0.22
2026-09-28T11:34:38.8767177Z [1m[92m  Downloaded[0m httparse v1.10.1
2026-09-28T11:34:38.8933970Z [1m[92m  Downloaded[0m getrandom v0.3.4
2026-09-28T11:34:38.9306457Z [1m[92m  Downloaded[0m log v0.4.29
2026-09-28T11:34:38.9523975Z [1m[92m  Downloaded[0m proc-macro2 v1.0.106
2026-09-28T11:34:38.9810260Z [1m[92m  Downloaded[0m serde_core v1.0.228
2026-09-28T11:34:39.0073514Z [1m[92m  Downloaded[0m socket2 v0.6.2
2026-09-28T11:34:39.0192536Z [1m[92m  Downloaded[0m uuid v1.20.0
2026-09-28T11:34:39.0515914Z [1m[92m  Downloaded[0m thiserror v2.0.18
2026-09-28T11:34:39.1442427Z [1m[92m  Downloaded[0m serde_derive v1.0.228
2026-09-28T11:34:39.1726949Z [1m[92m  Downloaded[0m typenum v1.19.0
2026-09-28T11:34:39.1962803Z [1m[92m  Downloaded[0m bytes v1.11.0
2026-09-28T11:34:39.2463176Z [1m[92m  Downloaded[0m tungstenite v0.28.0
2026-09-28T11:34:39.2842835Z [1m[92m  Downloaded[0m cc v1.5.1
2026-09-28T11:34:39.3185886Z [1m[92m  Downloaded[0m memchr v2.7.6
2026-09-28T11:34:39.3777662Z [1m[92m  Downloaded[0m serde v1.0.228
2026-09-28T11:34:39.4107812Z [1m[92m  Downloaded[0m mio v1.1.1
2026-09-28T11:34:39.5759284Z [1m[92m  Downloaded[0m http v1.4.0
2026-09-28T11:34:39.6114220Z [1m[92m  Downloaded[0m rand v0.9.2
2026-09-28T11:34:39.6800078Z [1m[92m  Downloaded[0m futures-util v0.3.31
2026-09-28T11:34:39.8241089Z [1m[92m  Downloaded[0m hashbrown v0.14.5
2026-09-28T11:34:39.8656945Z [1m[92m  Downloaded[0m rusqlite v0.32.1
2026-09-28T11:34:39.9209552Z [1m[92m  Downloaded[0m serde_json v1.0.149
2026-09-28T11:34:44.3877854Z [1m[92m  Downloaded[0m vcpkg v0.2.15
2026-09-28T11:34:48.1528725Z [1m[92m  Downloaded[0m zerocopy v0.8.34
2026-09-28T11:34:51.5477596Z [1m[92m  Downloaded[0m syn v2.0.114
2026-09-28T11:34:52.0694016Z [1m[92m  Downloaded[0m nix v0.28.0
2026-09-28T11:34:52.1765872Z [1m[92m  Downloaded[0m winsafe v0.0.19
2026-09-28T11:34:52.5041197Z [1m[92m  Downloaded[0m libc v0.2.180
2026-09-28T11:34:52.8578530Z [1m[92m  Downloaded[0m tokio v1.49.0
2026-09-28T11:34:56.6530381Z [1m[92m  Downloaded[0m windows_x86_64_msvc v0.53.1
2026-09-28T11:34:56.6724161Z [1m[92m  Downloaded[0m winapi v0.3.9
2026-09-28T11:34:56.8945705Z [1m[92m  Downloaded[0m windows-sys v0.60.2
2026-09-28T11:35:03.0223460Z [1m[92m  Downloaded[0m windows-sys v0.61.2
2026-09-28T11:35:03.2875699Z [1m[92m  Downloaded[0m libsqlite3-sys v0.30.1
2026-09-28T11:35:03.6478483Z [1m[92m   Compiling[0m proc-macro2 v1.0.106
2026-09-28T11:35:03.6479252Z [1m[92m   Compiling[0m unicode-ident v1.0.22
2026-09-28T11:35:03.6479898Z [1m[92m   Compiling[0m quote v1.0.44
2026-09-28T11:35:03.6480473Z [1m[92m   Compiling[0m version_check v0.9.5
2026-09-28T11:35:17.3806201Z [1m[92m   Compiling[0m cfg-if v1.0.4
2026-09-28T11:35:17.4831217Z [1m[92m   Compiling[0m zerocopy v0.8.34
2026-09-28T11:35:17.7866239Z [1m[92m   Compiling[0m typenum v1.19.0
2026-09-28T11:35:20.2063340Z [1m[92m   Compiling[0m generic-array v0.14.7
2026-09-28T11:35:20.2134297Z [1m[92m   Compiling[0m getrandom v0.3.4
2026-09-28T11:35:20.7952677Z [1m[92m   Compiling[0m windows_x86_64_msvc v0.53.1
2026-09-28T11:35:21.9596396Z [1m[92m   Compiling[0m windows-link v0.2.1
2026-09-28T11:35:22.0202887Z [1m[92m   Compiling[0m winapi v0.3.9
2026-09-28T11:35:23.0067532Z [1m[92m   Compiling[0m syn v2.0.114
2026-09-28T11:35:23.0398186Z [1m[92m   Compiling[0m libc v0.2.180
2026-09-28T11:35:23.1937809Z [1m[92m   Compiling[0m windows-sys v0.61.2
2026-09-28T11:35:26.6959269Z [1m[92m   Compiling[0m ahash v0.8.12
2026-09-28T11:35:26.9552382Z [1m[92m   Compiling[0m shlex v2.0.1
2026-09-28T11:35:27.0390715Z [1m[92m   Compiling[0m find-msvc-tools v0.1.14
2026-09-28T11:35:27.2536727Z [1m[92m   Compiling[0m ppv-lite86 v0.2.21
2026-09-28T11:35:27.9045828Z [1m[92m   Compiling[0m cc v1.5.1
2026-09-28T11:35:29.1589142Z [1m[92m   Compiling[0m windows-targets v0.53.5
2026-09-28T11:35:30.5175262Z [1m[92m   Compiling[0m crypto-common v0.1.7
2026-09-28T11:35:30.6537245Z [1m[92m   Compiling[0m block-buffer v0.10.4
2026-09-28T11:35:30.8656629Z [1m[92m   Compiling[0m rand_core v0.9.5
2026-09-28T11:35:31.1180553Z [1m[92m   Compiling[0m itoa v1.0.17
2026-09-28T11:35:31.1854199Z [1m[92m   Compiling[0m thiserror v2.0.18
2026-09-28T11:35:31.3507523Z [1m[92m   Compiling[0m pkg-config v0.3.34
2026-09-28T11:35:31.7449570Z [1m[92m   Compiling[0m once_cell v1.21.3
2026-09-28T11:35:31.9157687Z [1m[92m   Compiling[0m cfg_aliases v0.1.1
2026-09-28T11:35:31.9708070Z [1m[92m   Compiling[0m httparse v1.10.1
2026-09-28T11:35:32.2840337Z [1m[92m   Compiling[0m vcpkg v0.2.15
2026-09-28T11:35:32.4936155Z [1m[92m   Compiling[0m thiserror v1.0.69
2026-09-28T11:35:32.5754272Z [1m[92m   Compiling[0m serde_core v1.0.228
2026-09-28T11:35:32.9313705Z [1m[92m   Compiling[0m bytes v1.11.0
2026-09-28T11:35:33.1992227Z [1m[92m   Compiling[0m nix v0.28.0
2026-09-28T11:35:34.0521387Z [1m[92m   Compiling[0m rand_chacha v0.9.0
2026-09-28T11:35:34.1398781Z [1m[92m   Compiling[0m digest v0.10.7
2026-09-28T11:35:34.2063791Z [1m[92m   Compiling[0m libsqlite3-sys v0.30.1
2026-09-28T11:35:34.3470314Z [1m[92m   Compiling[0m windows-sys v0.60.2
2026-09-28T11:35:34.3991306Z [1m[92m   Compiling[0m thiserror-impl v2.0.18
2026-09-28T11:35:34.8632152Z [1m[92m   Compiling[0m thiserror-impl v1.0.69
2026-09-28T11:35:35.0838581Z [1m[92m   Compiling[0m zmij v1.0.17
2026-09-28T11:35:35.4566005Z [1m[92m   Compiling[0m log v0.4.29
2026-09-28T11:35:35.6911662Z [1m[92m   Compiling[0m winreg v0.10.1
2026-09-28T11:35:35.9109526Z [1m[92m   Compiling[0m anyhow v1.0.100
2026-09-28T11:35:36.4029396Z [1m[92m   Compiling[0m pin-project-lite v0.2.16
2026-09-28T11:35:36.4347788Z [1m[92m   Compiling[0m bitflags v2.10.0
2026-09-28T11:35:36.4827691Z [1m[92m   Compiling[0m cpufeatures v0.2.17
2026-09-28T11:35:36.5399038Z [1m[92m   Compiling[0m sha1 v0.10.6
2026-09-28T11:35:36.8232381Z [1m[92m   Compiling[0m socket2 v0.6.2
2026-09-28T11:35:37.6283014Z [1m[92m   Compiling[0m tokio-macros v2.6.0
2026-09-28T11:35:38.2122293Z [1m[92m   Compiling[0m futures-macro v0.3.31
2026-09-28T11:35:38.2171424Z [1m[92m   Compiling[0m rand v0.9.2
2026-09-28T11:35:39.1357327Z [1m[92m   Compiling[0m hashbrown v0.14.5
2026-09-28T11:35:39.2758484Z [1m[92m   Compiling[0m http v1.4.0
2026-09-28T11:35:40.0282019Z [1m[92m   Compiling[0m mio v1.1.1
2026-09-28T11:35:40.9460675Z [1m[92m   Compiling[0m pin-utils v0.1.0
2026-09-28T11:35:40.9938641Z [1m[92m   Compiling[0m utf-8 v0.7.6
2026-09-28T11:35:41.1624174Z [1m[92m   Compiling[0m futures-task v0.3.31
2026-09-28T11:35:41.3795803Z [1m[92m   Compiling[0m data-encoding v2.10.0
2026-09-28T11:35:41.7706250Z [1m[92m   Compiling[0m lazy_static v1.5.0
2026-09-28T11:35:41.8449529Z [1m[92m   Compiling[0m serde v1.0.228
2026-09-28T11:35:42.2722710Z [1m[92m   Compiling[0m futures-core v0.3.31
2026-09-28T11:35:42.4242844Z [1m[92m   Compiling[0m futures-sink v0.3.31
2026-09-28T11:35:42.4988350Z [1m[92m   Compiling[0m slab v0.4.11
2026-09-28T11:35:42.5474155Z [1m[92m   Compiling[0m serde_json v1.0.149
2026-09-28T11:35:42.6565358Z [1m[92m   Compiling[0m futures-util v0.3.31
2026-09-28T11:35:42.8354101Z [1m[92m   Compiling[0m shared_library v0.1.9
2026-09-28T11:35:43.0891040Z [1m[92m   Compiling[0m tungstenite v0.28.0
2026-09-28T11:35:43.1583715Z [1m[92m   Compiling[0m tokio v1.49.0
2026-09-28T11:35:45.1584332Z [1m[92m   Compiling[0m hashlink v0.9.1
2026-09-28T11:35:45.2697631Z [1m[92m   Compiling[0m filedescriptor v0.8.3
2026-09-28T11:35:46.0088247Z [1m[92m   Compiling[0m serde_derive v1.0.228
2026-09-28T11:35:46.2331547Z [1m[92m   Compiling[0m serial2 v0.2.33
2026-09-28T11:35:46.5504282Z [1m[92m   Compiling[0m home v0.5.12
2026-09-28T11:35:46.7756004Z [1m[92m   Compiling[0m either v1.15.0
2026-09-28T11:35:46.8995028Z [1m[92m   Compiling[0m shell-words v1.1.1
2026-09-28T11:35:47.0209757Z [1m[92m   Compiling[0m memchr v2.7.6
2026-09-28T11:35:47.1422289Z [1m[92m   Compiling[0m winsafe v0.0.19
2026-09-28T11:35:48.2833023Z [1m[92m   Compiling[0m smallvec v1.16.2
2026-09-28T11:35:48.5644880Z [1m[92m   Compiling[0m fallible-streaming-iterator v0.1.9
2026-09-28T11:35:48.7199796Z [1m[92m   Compiling[0m downcast-rs v1.2.1
2026-09-28T11:35:48.8136994Z [1m[92m   Compiling[0m fallible-iterator v0.3.0
2026-09-28T11:35:49.2511527Z [1m[92m   Compiling[0m bitflags v1.3.2
2026-09-28T11:35:49.3508010Z [1m[92m   Compiling[0m portable-pty v0.9.0
2026-09-28T11:35:51.0306552Z [1m[92m   Compiling[0m which v6.0.3
2026-09-28T11:35:51.2973980Z [1m[92m   Compiling[0m rusqlite v0.32.1
2026-09-28T11:35:51.7435122Z [1m[92m   Compiling[0m tokio-tungstenite v0.28.0
2026-09-28T11:35:52.2453419Z [1m[92m   Compiling[0m async-trait v0.1.89
2026-09-28T11:35:53.5281697Z [1m[92m   Compiling[0m uuid v1.20.0
2026-09-28T11:35:54.6864472Z [1m[92m   Compiling[0m rust-terminal-servers v1.0.0 (D:\a\nand\nand\processes\rust-terminal-servers)
2026-09-28T11:35:57.4794155Z [1m[92m    Finished[0m `test` profile [unoptimized + debuginfo] target(s) in 1m 27s
2026-09-28T11:35:57.5126400Z [1m[92m     Running[0m unittests src\main.rs (processes\rust-terminal-servers\target\x86_64-pc-windows-msvc\debug\deps\rust_terminal_servers-5216a7f56a3e03f1.exe)
2026-09-28T11:35:57.5293644Z 
2026-09-28T11:35:57.5294470Z running 29 tests
2026-09-28T11:35:57.5316177Z test agent_data::tests::claude_streamed_usage_counts_latest_message_once_including_cache ... ok
2026-09-28T11:35:57.5335211Z test agent_data::tests::metadata_filters_precede_pagination_and_cost_stays_unknown ... FAILED
2026-09-28T11:35:57.5337014Z test agent_data::tests::native_formats_keep_account_identity_and_unknown_usage ... FAILED
2026-09-28T11:35:57.5387294Z test agent_data::tests::scope_uses_real_directories_and_cancel_refuses_partial_scan ... FAILED
2026-09-28T11:35:57.5616478Z test pty::shell::tests::test_detect_default_shell ... ok
2026-09-28T11:35:57.5690981Z test pty::shell::tests::test_get_default_shell ... ok
2026-09-28T11:35:57.5703795Z test pty::shell::tests::test_get_shell_by_type_bash ... ok
2026-09-28T11:35:57.5714786Z test pty::shell::tests::test_get_shell_by_type_cmd ... ok
2026-09-28T11:35:57.5720780Z test agent_data::tests::streams_full_transcript_and_refreshes_appends_without_rewriting_source ... FAILED
2026-09-28T11:35:57.5730745Z test pty::shell::tests::test_get_shell_by_type_custom ... ok
2026-09-28T11:35:57.5974290Z test agent_data::tests::gemini_registry_jsonl_and_grok_companion_refresh ... FAILED
2026-09-28T11:35:57.6046089Z test pty::shell::tests::test_get_shell_by_type_powershell ... ok
2026-09-28T11:35:57.6046886Z test pty::shell::tests::test_get_shell_by_type_none ... ok
2026-09-28T11:35:57.6061620Z test pty::shell::tests::test_get_shell_by_type_zsh ... ok
2026-09-28T11:35:57.6065475Z test pty::shell::tests::test_get_shell_login_args ... ok
2026-09-28T11:35:57.6069740Z test router::tests::test_create_error_response_module_error ... ok
2026-09-28T11:35:57.6073575Z test router::tests::test_create_error_response_unknown_module ... ok
2026-09-28T11:35:57.6076572Z test router::tests::test_module_type_display ... ok
2026-09-28T11:35:57.6081037Z test router::tests::test_parse_invalid_module ... ok
2026-09-28T11:35:57.6084074Z test router::tests::test_parse_missing_module ... ok
2026-09-28T11:35:57.6088046Z test router::tests::test_parse_pty_message ... ok
2026-09-28T11:35:57.6091293Z test router::tests::test_pty_module_is_implemented ... ok
2026-09-28T11:35:57.6094769Z test router::tests::test_server_response_error ... ok
2026-09-28T11:35:57.6097868Z test router::tests::test_server_response_new ... ok
2026-09-28T11:35:57.6100971Z test router::tests::test_try_parse_module_invalid ... ok
2026-09-28T11:35:57.6103647Z test router::tests::test_try_parse_module_valid ... ok
2026-09-28T11:35:57.6129907Z test pty::shell::tests::test_get_shell_by_type_unknown ... ok
2026-09-28T11:35:57.6901652Z test pty::shell::tests::test_get_shell_by_type_tmux ... ok
2026-09-28T11:35:57.8923557Z test agent_data::tests::opencode_reads_database_read_only_and_excludes_children ... FAILED
2026-09-28T11:35:57.8924857Z 
2026-09-28T11:35:57.8925058Z failures:
2026-09-28T11:35:57.8925317Z 
2026-09-28T11:35:57.8926335Z ---- agent_data::tests::metadata_filters_precede_pagination_and_cost_stays_unknown stdout ----
2026-09-28T11:35:57.8926956Z 
2026-09-28T11:35:57.8927505Z thread 'agent_data::tests::metadata_filters_precede_pagination_and_cost_stays_unknown' (2652) panicked at src\agent_data.rs:954:40:
2026-09-28T11:35:57.8928484Z called `Result::unwrap()` on an `Err` value: "index outside vault"
2026-09-28T11:35:57.8929187Z note: run with `RUST_BACKTRACE=1` environment variable to display a backtrace
2026-09-28T11:35:57.8929636Z 
2026-09-28T11:35:57.8930089Z ---- agent_data::tests::native_formats_keep_account_identity_and_unknown_usage stdout ----
2026-09-28T11:35:57.8930634Z 
2026-09-28T11:35:57.8931186Z thread 'agent_data::tests::native_formats_keep_account_identity_and_unknown_usage' (2664) panicked at src\agent_data.rs:831:14:
2026-09-28T11:35:57.8932077Z called `Option::unwrap()` on a `None` value
2026-09-28T11:35:57.8932400Z 
2026-09-28T11:35:57.8932822Z ---- agent_data::tests::scope_uses_real_directories_and_cancel_refuses_partial_scan stdout ----
2026-09-28T11:35:57.8933405Z 
2026-09-28T11:35:57.8933969Z thread 'agent_data::tests::scope_uses_real_directories_and_cancel_refuses_partial_scan' (3280) panicked at src\agent_data.rs:800:9:
2026-09-28T11:35:57.8934876Z assertion failed: inside(&temp.0, &temp.0.to_string_lossy())
2026-09-28T11:35:57.8935132Z 
2026-09-28T11:35:57.8935484Z ---- agent_data::tests::streams_full_transcript_and_refreshes_appends_without_rewriting_source stdout ----
2026-09-28T11:35:57.8935901Z 
2026-09-28T11:35:57.8936293Z thread 'agent_data::tests::streams_full_transcript_and_refreshes_appends_without_rewriting_source' (3308) panicked at src\agent_data.rs:782:40:
2026-09-28T11:35:57.8936985Z called `Result::unwrap()` on an `Err` value: "index outside vault"
2026-09-28T11:35:57.8937308Z 
2026-09-28T11:35:57.8937578Z ---- agent_data::tests::gemini_registry_jsonl_and_grok_companion_refresh stdout ----
2026-09-28T11:35:57.8937883Z 
2026-09-28T11:35:57.8938239Z thread 'agent_data::tests::gemini_registry_jsonl_and_grok_companion_refresh' (4648) panicked at src\agent_data.rs:932:40:
2026-09-28T11:35:57.8938905Z called `Result::unwrap()` on an `Err` value: "index outside vault"
2026-09-28T11:35:57.8939163Z 
2026-09-28T11:35:57.8939464Z ---- agent_data::tests::opencode_reads_database_read_only_and_excludes_children stdout ----
2026-09-28T11:35:57.8940011Z 
2026-09-28T11:35:57.8940508Z thread 'agent_data::tests::opencode_reads_database_read_only_and_excludes_children' (2336) panicked at src\agent_data.rs:891:9:
2026-09-28T11:35:57.8941163Z assertion `left == right` failed
2026-09-28T11:35:57.8942365Z   left: 0
2026-09-28T11:35:57.8942696Z  right: 1
2026-09-28T11:35:57.8942828Z 
2026-09-28T11:35:57.8942831Z 
2026-09-28T11:35:57.8942986Z failures:
2026-09-28T11:35:57.8943353Z     agent_data::tests::gemini_registry_jsonl_and_grok_companion_refresh
2026-09-28T11:35:57.8943913Z     agent_data::tests::metadata_filters_precede_pagination_and_cost_stays_unknown
2026-09-28T11:35:57.8944471Z     agent_data::tests::native_formats_keep_account_identity_and_unknown_usage
2026-09-28T11:35:57.8945016Z     agent_data::tests::opencode_reads_database_read_only_and_excludes_children
2026-09-28T11:35:57.8945653Z     agent_data::tests::scope_uses_real_directories_and_cancel_refuses_partial_scan
2026-09-28T11:35:57.8946680Z     agent_data::tests::streams_full_transcript_and_refreshes_appends_without_rewriting_source
2026-09-28T11:35:57.8947044Z 
2026-09-28T11:35:57.8947358Z test result: FAILED. 23 passed; 6 failed; 0 ignored; 0 measured; 0 filtered out; finished in 0.36s
2026-09-28T11:35:57.8947704Z 
2026-09-28T11:35:57.8960879Z [1m[91merror[0m: test failed, to rerun pass `--bin rust-terminal-servers`
2026-09-28T11:35:57.9217107Z ##[error]Process completed with exit code 101.
2026-09-28T11:35:57.9485362Z Post job cleanup.
2026-09-28T11:35:58.1241356Z [command]"C:\Program Files\Git\bin\git.exe" version
2026-09-28T11:35:58.1582558Z git version 2.55.0.windows.5
2026-09-28T11:35:58.1675574Z Temporarily overriding HOME='D:\a\_temp\7edb96af-60aa-45bd-8ab7-2db469f7a0a4' before making global git config changes
2026-09-28T11:35:58.1676826Z Adding repository directory to the temporary git global config as a safe directory
2026-09-28T11:35:58.1687007Z [command]"C:\Program Files\Git\bin\git.exe" config --global --add safe.directory D:\a\nand\nand
2026-09-28T11:35:58.2072884Z [command]"C:\Program Files\Git\bin\git.exe" config --local --name-only --get-regexp core\.sshCommand
2026-09-28T11:35:58.2467550Z [command]"C:\Program Files\Git\bin\git.exe" submodule foreach --recursive "sh -c \"git config --local --name-only --get-regexp 'core\.sshCommand' && git config --local --unset-all 'core.sshCommand' || :\""
2026-09-28T11:35:58.8389158Z [command]"C:\Program Files\Git\bin\git.exe" config --local --name-only --get-regexp http\.https\:\/\/github\.com\/\.extraheader
2026-09-28T11:35:58.8685141Z http.https://github.com/.extraheader
2026-09-28T11:35:58.8737927Z [command]"C:\Program Files\Git\bin\git.exe" config --local --unset-all http.https://github.com/.extraheader
2026-09-28T11:35:58.9095466Z [command]"C:\Program Files\Git\bin\git.exe" submodule foreach --recursive "sh -c \"git config --local --name-only --get-regexp 'http\.https\:\/\/github\.com\/\.extraheader' && git config --local --unset-all 'http.https://github.com/.extraheader' || :\""
2026-09-28T11:35:59.4792197Z [command]"C:\Program Files\Git\bin\git.exe" config --local --name-only --get-regexp ^includeIf\.gitdir:
2026-09-28T11:35:59.5102675Z [command]"C:\Program Files\Git\bin\git.exe" submodule foreach --recursive "git config --local --show-origin --name-only --get-regexp remote.origin.url"
2026-09-28T11:36:00.0835022Z Cleaning up orphan processes
2026-09-28T11:36:00.1454010Z Terminate orphan process: pid (7112) (vctip)
